[2026-09-23T05:19:50.768+0000] {local_task_job_runner.py:123} INFO - ::group::Pre task execution logs
[2026-09-23T05:19:51.003+0000] {taskinstance.py:2614} INFO - Dependencies all met for dep_context=non-requeueable deps ti=<TaskInstance: dss150p_sales_pipeline.load manual__2026-09-23T04:55:16+00:00 [queued]>
[2026-09-23T05:19:51.018+0000] {taskinstance.py:2614} INFO - Dependencies all met for dep_context=requeueable deps ti=<TaskInstance: dss150p_sales_pipeline.load manual__2026-09-23T04:55:16+00:00 [queued]>
[2026-09-23T05:19:51.020+0000] {taskinstance.py:2867} INFO - Starting attempt 7 of 9
[2026-09-23T05:19:51.177+0000] {taskinstance.py:2890} INFO - Executing <Task(BashOperator): load> on 2026-09-23 04:55:16+00:00
[2026-09-23T05:19:51.204+0000] {standard_task_runner.py:72} INFO - Started process 2169 to run task
[2026-09-23T05:19:51.218+0000] {standard_task_runner.py:104} INFO - Running: ['airflow', 'tasks', 'run', 'dss150p_sales_pipeline', 'load', 'manual__2026-09-23T04:55:16+00:00', '--job-id', '54', '--raw', '--subdir', 'DAGS_FOLDER/dss150p_pipeline.py', '--cfg-path', '/tmp/tmpi6mxkmmo']
[2026-09-23T05:19:51.227+0000] {standard_task_runner.py:105} INFO - Job 54: Subtask load
[2026-09-23T05:20:01.168+0000] {job.py:229} INFO - Heartbeat recovered after 11.62 seconds
[2026-09-23T05:20:01.201+0000] {task_command.py:467} INFO - Running <TaskInstance: dss150p_sales_pipeline.load manual__2026-09-23T04:55:16+00:00 [running]> on host c76e692badc3
[2026-09-23T05:20:01.412+0000] {taskinstance.py:3134} INFO - Exporting env vars: AIRFLOW_CTX_DAG_OWNER='dss150p' AIRFLOW_CTX_DAG_ID='dss150p_sales_pipeline' AIRFLOW_CTX_TASK_ID='load' AIRFLOW_CTX_EXECUTION_DATE='2026-09-23T04:55:16+00:00' AIRFLOW_CTX_TRY_NUMBER='7' AIRFLOW_CTX_DAG_RUN_ID='manual__2026-09-23T04:55:16+00:00'
[2026-09-23T05:20:01.420+0000] {taskinstance.py:732} INFO - ::endgroup::
[2026-09-23T05:20:01.503+0000] {subprocess.py:78} INFO - Tmp dir root location: /tmp
[2026-09-23T05:20:01.506+0000] {subprocess.py:88} INFO - Running command: ['/usr/bin/bash', '-c', 'cd /opt/airflow/project && PIPELINE_RUN_ID="manual__2026-09-23T04:55:16+00:00" python -m src.cli load']
[2026-09-23T05:20:01.599+0000] {subprocess.py:99} INFO - Output:
[2026-09-23T05:20:04.945+0000] {subprocess.py:106} INFO - 2026-09-23 05:20:04,945 - INFO - Initializing pipeline run: manual__2026-09-23T04:55:16+00:00
[2026-09-23T05:20:05.107+0000] {subprocess.py:106} INFO - 2026-09-23 05:20:05,107 - INFO - EXTRACT stage complete. Data at /opt/airflow/project/data/raw/run_id=manual__2026-09-23T04:55:16+00:00
[2026-09-23T05:20:05.808+0000] {subprocess.py:106} INFO - 2026-09-23 05:20:05,808 - INFO - Curated dataset passed all data quality validations successfully.
[2026-09-23T05:20:05.812+0000] {subprocess.py:106} INFO - 2026-09-23 05:20:05,812 - INFO - TRANSFORM stage complete. Curated rows: 49898
[2026-09-23T05:20:31.460+0000] {subprocess.py:106} INFO - 2026-09-23 05:20:31,458 - INFO - LOAD stage complete. Upserted 49898 records into PostgreSQL.
[2026-09-23T05:20:31.742+0000] {subprocess.py:110} INFO - Command exited with return code 0
[2026-09-23T05:20:31.923+0000] {taskinstance.py:341} INFO - ::group::Post task execution logs
[2026-09-23T05:20:31.925+0000] {taskinstance.py:353} INFO - Marking task as SUCCESS. dag_id=dss150p_sales_pipeline, task_id=load, run_id=manual__2026-09-23T04:55:16+00:00, execution_date=20260923T045516, start_date=20260923T051951, end_date=20260923T052031
[2026-09-23T05:20:32.030+0000] {local_task_job_runner.py:266} INFO - Task exited with return code 0
[2026-09-23T05:20:32.087+0000] {taskinstance.py:3901} INFO - 1 downstream tasks scheduled from follow-on schedule check
[2026-09-23T05:20:32.090+0000] {local_task_job_runner.py:245} INFO - ::endgroup::
