[2026-09-23T05:15:16.627+0000] {local_task_job_runner.py:123} INFO - ::group::Pre task execution logs
[2026-09-23T05:15:16.740+0000] {taskinstance.py:2614} INFO - Dependencies all met for dep_context=non-requeueable deps ti=<TaskInstance: dss150p_sales_pipeline.load manual__2026-09-23T04:55:16+00:00 [queued]>
[2026-09-23T05:15:16.791+0000] {taskinstance.py:2614} INFO - Dependencies all met for dep_context=requeueable deps ti=<TaskInstance: dss150p_sales_pipeline.load manual__2026-09-23T04:55:16+00:00 [queued]>
[2026-09-23T05:15:16.794+0000] {taskinstance.py:2867} INFO - Starting attempt 6 of 6
[2026-09-23T05:15:16.839+0000] {taskinstance.py:2890} INFO - Executing <Task(BashOperator): load> on 2026-09-23 04:55:16+00:00
[2026-09-23T05:15:16.852+0000] {standard_task_runner.py:72} INFO - Started process 2117 to run task
[2026-09-23T05:15:16.864+0000] {standard_task_runner.py:104} INFO - Running: ['airflow', 'tasks', 'run', 'dss150p_sales_pipeline', 'load', 'manual__2026-09-23T04:55:16+00:00', '--job-id', '53', '--raw', '--subdir', 'DAGS_FOLDER/dss150p_pipeline.py', '--cfg-path', '/tmp/tmpkan4k30s']
[2026-09-23T05:15:16.908+0000] {standard_task_runner.py:105} INFO - Job 53: Subtask load
[2026-09-23T05:15:17.219+0000] {task_command.py:467} INFO - Running <TaskInstance: dss150p_sales_pipeline.load manual__2026-09-23T04:55:16+00:00 [running]> on host c76e692badc3
[2026-09-23T05:15:17.514+0000] {taskinstance.py:3134} INFO - Exporting env vars: AIRFLOW_CTX_DAG_OWNER='dss150p' AIRFLOW_CTX_DAG_ID='dss150p_sales_pipeline' AIRFLOW_CTX_TASK_ID='load' AIRFLOW_CTX_EXECUTION_DATE='2026-09-23T04:55:16+00:00' AIRFLOW_CTX_TRY_NUMBER='6' AIRFLOW_CTX_DAG_RUN_ID='manual__2026-09-23T04:55:16+00:00'
[2026-09-23T05:15:17.518+0000] {taskinstance.py:732} INFO - ::endgroup::
[2026-09-23T05:15:17.612+0000] {subprocess.py:78} INFO - Tmp dir root location: /tmp
[2026-09-23T05:15:17.616+0000] {subprocess.py:88} INFO - Running command: ['/usr/bin/bash', '-c', 'cd /opt/airflow/project && PIPELINE_RUN_ID="manual__2026-09-23T04:55:16+00:00" python -m src.cli load']
[2026-09-23T05:15:17.634+0000] {subprocess.py:99} INFO - Output:
[2026-09-23T05:15:21.405+0000] {subprocess.py:106} INFO - 2026-09-23 05:15:21,405 - INFO - Initializing pipeline run: manual__2026-09-23T04:55:16+00:00
[2026-09-23T05:15:21.537+0000] {subprocess.py:106} INFO - 2026-09-23 05:15:21,532 - INFO - EXTRACT stage complete. Data at /opt/airflow/project/data/raw/run_id=manual__2026-09-23T04:55:16+00:00
[2026-09-23T05:15:22.275+0000] {subprocess.py:106} INFO - 2026-09-23 05:15:22,274 - INFO - Curated dataset passed all data quality validations successfully.
[2026-09-23T05:15:22.277+0000] {subprocess.py:106} INFO - 2026-09-23 05:15:22,277 - INFO - TRANSFORM stage complete. Curated rows: 49898
[2026-09-23T05:15:22.324+0000] {subprocess.py:106} INFO - 2026-09-23 05:15:22,320 - ERROR - Pipeline system failure in LOAD stage: '_ConnectionFairy' object does not support the context manager protocol
[2026-09-23T05:15:22.325+0000] {subprocess.py:106} INFO - Traceback (most recent call last):
[2026-09-23T05:15:22.326+0000] {subprocess.py:106} INFO -   File "/opt/airflow/project/src/cli.py", line 63, in main
[2026-09-23T05:15:22.326+0000] {subprocess.py:106} INFO -     loaded_rows = upsert_curated(curated_df, run_id)
[2026-09-23T05:15:22.327+0000] {subprocess.py:106} INFO -                   ^^^^^^^^^^^^^^^^^^^^^^^^^^^^^^^^^^
[2026-09-23T05:15:22.328+0000] {subprocess.py:106} INFO -   File "/opt/airflow/project/src/load/postgres.py", line 57, in upsert_curated
[2026-09-23T05:15:22.331+0000] {subprocess.py:106} INFO -     with db_engine.raw_connection() as raw_conn:
[2026-09-23T05:15:22.331+0000] {subprocess.py:106} INFO - TypeError: '_ConnectionFairy' object does not support the context manager protocol
[2026-09-23T05:15:22.694+0000] {subprocess.py:110} INFO - Command exited with return code 1
[2026-09-23T05:15:22.740+0000] {taskinstance.py:3313} ERROR - Task failed with exception
Traceback (most recent call last):
  File "/home/airflow/.local/lib/python3.11/site-packages/airflow/models/taskinstance.py", line 763, in _execute_task
    result = _execute_callable(context=context, **execute_callable_kwargs)
             ^^^^^^^^^^^^^^^^^^^^^^^^^^^^^^^^^^^^^^^^^^^^^^^^^^^^^^^^^^^^^
  File "/home/airflow/.local/lib/python3.11/site-packages/airflow/models/taskinstance.py", line 734, in _execute_callable
    return ExecutionCallableRunner(
           ^^^^^^^^^^^^^^^^^^^^^^^^
  File "/home/airflow/.local/lib/python3.11/site-packages/airflow/utils/operator_helpers.py", line 252, in run
    return self.func(*args, **kwargs)
           ^^^^^^^^^^^^^^^^^^^^^^^^^^
  File "/home/airflow/.local/lib/python3.11/site-packages/airflow/models/baseoperator.py", line 424, in wrapper
    return func(self, *args, **kwargs)
           ^^^^^^^^^^^^^^^^^^^^^^^^^^^
  File "/home/airflow/.local/lib/python3.11/site-packages/airflow/operators/bash.py", line 276, in execute
    raise AirflowException(
airflow.exceptions.AirflowException: Bash command failed. The command returned a non-zero exit code 1.
[2026-09-23T05:15:22.781+0000] {taskinstance.py:1226} INFO - Marking task as FAILED. dag_id=dss150p_sales_pipeline, task_id=load, run_id=manual__2026-09-23T04:55:16+00:00, execution_date=20260923T045516, start_date=20260923T051516, end_date=20260923T051522
[2026-09-23T05:15:22.782+0000] {taskinstance.py:1564} INFO - Executing callback at index 0: failure_callback
[2026-09-23T05:15:22.784+0000] {logging_mixin.py:190} INFO - ALERT: Task Failed!
[2026-09-23T05:15:22.784+0000] {logging_mixin.py:190} INFO - DAG: dss150p_sales_pipeline
[2026-09-23T05:15:22.785+0000] {logging_mixin.py:190} INFO - Task ID: load
[2026-09-23T05:15:22.785+0000] {logging_mixin.py:190} INFO - Run ID: manual__2026-09-23T04:55:16+00:00
[2026-09-23T05:15:22.789+0000] {logging_mixin.py:190} INFO - Execution Date: 2026-09-23 04:55:16+00:00
[2026-09-23T05:15:22.790+0000] {logging_mixin.py:190} INFO - Exception: Bash command failed. The command returned a non-zero exit code 1.
[2026-09-23T05:15:22.874+0000] {taskinstance.py:341} INFO - ::group::Post task execution logs
[2026-09-23T05:15:22.876+0000] {standard_task_runner.py:124} ERROR - Failed to execute job 53 for task load (Bash command failed. The command returned a non-zero exit code 1.; 2117)
Traceback (most recent call last):
  File "/home/airflow/.local/lib/python3.11/site-packages/airflow/task/task_runner/standard_task_runner.py", line 117, in _start_by_fork
    ret = args.func(args, dag=self.dag)
          ^^^^^^^^^^^^^^^^^^^^^^^^^^^^^
  File "/home/airflow/.local/lib/python3.11/site-packages/airflow/cli/cli_config.py", line 49, in command
    return func(*args, **kwargs)
           ^^^^^^^^^^^^^^^^^^^^^
  File "/home/airflow/.local/lib/python3.11/site-packages/airflow/utils/cli.py", line 116, in wrapper
    return f(*args, **kwargs)
           ^^^^^^^^^^^^^^^^^^
  File "/home/airflow/.local/lib/python3.11/site-packages/airflow/cli/commands/task_command.py", line 483, in task_run
    task_return_code = _run_task_by_selected_method(args, _dag, ti)
                       ^^^^^^^^^^^^^^^^^^^^^^^^^^^^^^^^^^^^^^^^^^^^
  File "/home/airflow/.local/lib/python3.11/site-packages/airflow/cli/commands/task_command.py", line 256, in _run_task_by_selected_method
    return _run_raw_task(args, ti)
           ^^^^^^^^^^^^^^^^^^^^^^^
  File "/home/airflow/.local/lib/python3.11/site-packages/airflow/cli/commands/task_command.py", line 341, in _run_raw_task
    return ti._run_raw_task(
           ^^^^^^^^^^^^^^^^^
  File "/home/airflow/.local/lib/python3.11/site-packages/airflow/utils/session.py", line 97, in wrapper
    return func(*args, session=session, **kwargs)
           ^^^^^^^^^^^^^^^^^^^^^^^^^^^^^^^^^^^^^^
  File "/home/airflow/.local/lib/python3.11/site-packages/airflow/models/taskinstance.py", line 3006, in _run_raw_task
    return _run_raw_task(
           ^^^^^^^^^^^^^^
  File "/home/airflow/.local/lib/python3.11/site-packages/airflow/models/taskinstance.py", line 274, in _run_raw_task
    TaskInstance._execute_task_with_callbacks(
  File "/home/airflow/.local/lib/python3.11/site-packages/airflow/models/taskinstance.py", line 3161, in _execute_task_with_callbacks
    result = self._execute_task(context, task_orig)
             ^^^^^^^^^^^^^^^^^^^^^^^^^^^^^^^^^^^^^^
  File "/home/airflow/.local/lib/python3.11/site-packages/airflow/models/taskinstance.py", line 3185, in _execute_task
    return _execute_task(self, context, task_orig)
           ^^^^^^^^^^^^^^^^^^^^^^^^^^^^^^^^^^^^^^^
  File "/home/airflow/.local/lib/python3.11/site-packages/airflow/models/taskinstance.py", line 763, in _execute_task
    result = _execute_callable(context=context, **execute_callable_kwargs)
             ^^^^^^^^^^^^^^^^^^^^^^^^^^^^^^^^^^^^^^^^^^^^^^^^^^^^^^^^^^^^^
  File "/home/airflow/.local/lib/python3.11/site-packages/airflow/models/taskinstance.py", line 734, in _execute_callable
    return ExecutionCallableRunner(
           ^^^^^^^^^^^^^^^^^^^^^^^^
  File "/home/airflow/.local/lib/python3.11/site-packages/airflow/utils/operator_helpers.py", line 252, in run
    return self.func(*args, **kwargs)
           ^^^^^^^^^^^^^^^^^^^^^^^^^^
  File "/home/airflow/.local/lib/python3.11/site-packages/airflow/models/baseoperator.py", line 424, in wrapper
    return func(self, *args, **kwargs)
           ^^^^^^^^^^^^^^^^^^^^^^^^^^^
  File "/home/airflow/.local/lib/python3.11/site-packages/airflow/operators/bash.py", line 276, in execute
    raise AirflowException(
airflow.exceptions.AirflowException: Bash command failed. The command returned a non-zero exit code 1.
[2026-09-23T05:15:22.922+0000] {local_task_job_runner.py:266} INFO - Task exited with return code 1
[2026-09-23T05:15:22.995+0000] {taskinstance.py:3901} INFO - 0 downstream tasks scheduled from follow-on schedule check
[2026-09-23T05:15:23.047+0000] {local_task_job_runner.py:245} INFO - ::endgroup::
