[2026-09-23T04:55:36.340+0000] {local_task_job_runner.py:123} INFO - ::group::Pre task execution logs
[2026-09-23T04:55:36.373+0000] {taskinstance.py:2614} INFO - Dependencies all met for dep_context=non-requeueable deps ti=<TaskInstance: dss150p_sales_pipeline.transform manual__2026-09-23T04:55:16+00:00 [queued]>
[2026-09-23T04:55:36.382+0000] {taskinstance.py:2614} INFO - Dependencies all met for dep_context=requeueable deps ti=<TaskInstance: dss150p_sales_pipeline.transform manual__2026-09-23T04:55:16+00:00 [queued]>
[2026-09-23T04:55:36.383+0000] {taskinstance.py:2867} INFO - Starting attempt 1 of 3
[2026-09-23T04:55:36.410+0000] {taskinstance.py:2890} INFO - Executing <Task(BashOperator): transform> on 2026-09-23 04:55:16+00:00
[2026-09-23T04:55:36.416+0000] {standard_task_runner.py:72} INFO - Started process 1853 to run task
[2026-09-23T04:55:36.430+0000] {standard_task_runner.py:104} INFO - Running: ['airflow', 'tasks', 'run', 'dss150p_sales_pipeline', 'transform', 'manual__2026-09-23T04:55:16+00:00', '--job-id', '47', '--raw', '--subdir', 'DAGS_FOLDER/dss150p_pipeline.py', '--cfg-path', '/tmp/tmp652m61j8']
[2026-09-23T04:55:36.442+0000] {standard_task_runner.py:105} INFO - Job 47: Subtask transform
[2026-09-23T04:55:36.566+0000] {task_command.py:467} INFO - Running <TaskInstance: dss150p_sales_pipeline.transform manual__2026-09-23T04:55:16+00:00 [running]> on host c76e692badc3
[2026-09-23T04:55:36.727+0000] {taskinstance.py:3134} INFO - Exporting env vars: AIRFLOW_CTX_DAG_OWNER='dss150p' AIRFLOW_CTX_DAG_ID='dss150p_sales_pipeline' AIRFLOW_CTX_TASK_ID='transform' AIRFLOW_CTX_EXECUTION_DATE='2026-09-23T04:55:16+00:00' AIRFLOW_CTX_TRY_NUMBER='1' AIRFLOW_CTX_DAG_RUN_ID='manual__2026-09-23T04:55:16+00:00'
[2026-09-23T04:55:36.730+0000] {taskinstance.py:732} INFO - ::endgroup::
[2026-09-23T04:55:36.780+0000] {subprocess.py:78} INFO - Tmp dir root location: /tmp
[2026-09-23T04:55:36.783+0000] {subprocess.py:88} INFO - Running command: ['/usr/bin/bash', '-c', 'cd /opt/airflow/project && PIPELINE_RUN_ID="manual__2026-09-23T04:55:16+00:00" python -m src.cli transform']
[2026-09-23T04:55:36.804+0000] {subprocess.py:99} INFO - Output:
[2026-09-23T04:55:40.001+0000] {subprocess.py:106} INFO - 2026-09-23 04:55:39,994 - INFO - Initializing pipeline run: manual__2026-09-23T04:55:16+00:00
[2026-09-23T04:55:40.097+0000] {subprocess.py:106} INFO - 2026-09-23 04:55:40,097 - INFO - EXTRACT stage complete. Data at /opt/airflow/project/data/raw/run_id=manual__2026-09-23T04:55:16+00:00
[2026-09-23T04:55:41.103+0000] {subprocess.py:106} INFO - 2026-09-23 04:55:41,101 - INFO - Curated dataset passed all data quality validations successfully.
[2026-09-23T04:55:41.113+0000] {subprocess.py:106} INFO - 2026-09-23 04:55:41,109 - INFO - TRANSFORM stage complete. Curated rows: 49898
[2026-09-23T04:55:42.558+0000] {subprocess.py:110} INFO - Command exited with return code 0
[2026-09-23T04:55:42.747+0000] {taskinstance.py:341} INFO - ::group::Post task execution logs
[2026-09-23T04:55:42.750+0000] {taskinstance.py:353} INFO - Marking task as SUCCESS. dag_id=dss150p_sales_pipeline, task_id=transform, run_id=manual__2026-09-23T04:55:16+00:00, execution_date=20260923T045516, start_date=20260923T045536, end_date=20260923T045542
[2026-09-23T04:55:42.870+0000] {local_task_job_runner.py:266} INFO - Task exited with return code 0
[2026-09-23T04:55:42.910+0000] {taskinstance.py:3901} INFO - 1 downstream tasks scheduled from follow-on schedule check
[2026-09-23T04:55:42.916+0000] {local_task_job_runner.py:245} INFO - ::endgroup::
