[2026-09-23T05:56:42.131+0000] {local_task_job_runner.py:123} INFO - ::group::Pre task execution logs
[2026-09-23T05:56:42.169+0000] {taskinstance.py:2614} INFO - Dependencies all met for dep_context=non-requeueable deps ti=<TaskInstance: dss150p_sales_pipeline.transform manual__2026-09-23T05:25:35+00:00 [queued]>
[2026-09-23T05:56:42.181+0000] {taskinstance.py:2614} INFO - Dependencies all met for dep_context=requeueable deps ti=<TaskInstance: dss150p_sales_pipeline.transform manual__2026-09-23T05:25:35+00:00 [queued]>
[2026-09-23T05:56:42.191+0000] {taskinstance.py:2867} INFO - Starting attempt 4 of 6
[2026-09-23T05:56:42.237+0000] {taskinstance.py:2890} INFO - Executing <Task(BashOperator): transform> on 2026-09-23 05:25:35+00:00
[2026-09-23T05:56:42.253+0000] {standard_task_runner.py:72} INFO - Started process 2591 to run task
[2026-09-23T05:56:42.259+0000] {standard_task_runner.py:104} INFO - Running: ['airflow', 'tasks', 'run', 'dss150p_sales_pipeline', 'transform', 'manual__2026-09-23T05:25:35+00:00', '--job-id', '60', '--raw', '--subdir', 'DAGS_FOLDER/dss150p_pipeline.py', '--cfg-path', '/tmp/tmpt8p96ll5']
[2026-09-23T05:56:42.264+0000] {standard_task_runner.py:105} INFO - Job 60: Subtask transform
[2026-09-23T05:56:42.428+0000] {task_command.py:467} INFO - Running <TaskInstance: dss150p_sales_pipeline.transform manual__2026-09-23T05:25:35+00:00 [running]> on host c76e692badc3
[2026-09-23T05:56:42.648+0000] {taskinstance.py:3134} INFO - Exporting env vars: AIRFLOW_CTX_DAG_OWNER='dss150p' AIRFLOW_CTX_DAG_ID='dss150p_sales_pipeline' AIRFLOW_CTX_TASK_ID='transform' AIRFLOW_CTX_EXECUTION_DATE='2026-09-23T05:25:35+00:00' AIRFLOW_CTX_TRY_NUMBER='4' AIRFLOW_CTX_DAG_RUN_ID='manual__2026-09-23T05:25:35+00:00'
[2026-09-23T05:56:42.657+0000] {taskinstance.py:732} INFO - ::endgroup::
[2026-09-23T05:56:42.725+0000] {subprocess.py:78} INFO - Tmp dir root location: /tmp
[2026-09-23T05:56:42.729+0000] {subprocess.py:88} INFO - Running command: ['/usr/bin/bash', '-c', 'cd /opt/airflow/project && PIPELINE_RUN_ID="manual__2026-09-23T05:25:35+00:00" python -m src.cli transform']
[2026-09-23T05:56:42.778+0000] {subprocess.py:99} INFO - Output:
[2026-09-23T05:56:47.568+0000] {subprocess.py:106} INFO - 2026-09-23 05:56:47,567 - INFO - Initializing pipeline run: manual__2026-09-23T05:25:35+00:00
[2026-09-23T05:56:47.677+0000] {subprocess.py:106} INFO - 2026-09-23 05:56:47,676 - INFO - EXTRACT stage complete. Data at /opt/airflow/project/data/raw/run_id=manual__2026-09-23T05:25:35+00:00
[2026-09-23T05:56:48.392+0000] {subprocess.py:106} INFO - 2026-09-23 05:56:48,392 - INFO - Curated dataset passed all data quality validations successfully.
[2026-09-23T05:56:48.397+0000] {subprocess.py:106} INFO - 2026-09-23 05:56:48,394 - INFO - TRANSFORM stage complete. Curated rows: 49898
[2026-09-23T05:56:48.731+0000] {subprocess.py:110} INFO - Command exited with return code 0
[2026-09-23T05:56:48.844+0000] {taskinstance.py:341} INFO - ::group::Post task execution logs
[2026-09-23T05:56:48.848+0000] {taskinstance.py:353} INFO - Marking task as SUCCESS. dag_id=dss150p_sales_pipeline, task_id=transform, run_id=manual__2026-09-23T05:25:35+00:00, execution_date=20260923T052535, start_date=20260923T055642, end_date=20260923T055648
[2026-09-23T05:56:48.973+0000] {local_task_job_runner.py:266} INFO - Task exited with return code 0
[2026-09-23T05:56:49.055+0000] {taskinstance.py:3901} INFO - 1 downstream tasks scheduled from follow-on schedule check
[2026-09-23T05:56:49.058+0000] {local_task_job_runner.py:245} INFO - ::endgroup::
