[2026-09-23T06:10:44.332+0000] {local_task_job_runner.py:123} INFO - ::group::Pre task execution logs
[2026-09-23T06:10:44.375+0000] {taskinstance.py:2614} INFO - Dependencies all met for dep_context=non-requeueable deps ti=<TaskInstance: dss150p_sales_pipeline.extract manual__2026-09-23T06:02:27+00:00 [queued]>
[2026-09-23T06:10:44.387+0000] {taskinstance.py:2614} INFO - Dependencies all met for dep_context=requeueable deps ti=<TaskInstance: dss150p_sales_pipeline.extract manual__2026-09-23T06:02:27+00:00 [queued]>
[2026-09-23T06:10:44.388+0000] {taskinstance.py:2867} INFO - Starting attempt 4 of 6
[2026-09-23T06:10:44.410+0000] {taskinstance.py:2890} INFO - Executing <Task(BashOperator): extract> on 2026-09-23 06:02:27+00:00
[2026-09-23T06:10:44.422+0000] {standard_task_runner.py:72} INFO - Started process 2811 to run task
[2026-09-23T06:10:44.428+0000] {standard_task_runner.py:104} INFO - Running: ['airflow', 'tasks', 'run', 'dss150p_sales_pipeline', 'extract', 'manual__2026-09-23T06:02:27+00:00', '--job-id', '66', '--raw', '--subdir', 'DAGS_FOLDER/dss150p_pipeline.py', '--cfg-path', '/tmp/tmp6uux0ps_']
[2026-09-23T06:10:44.435+0000] {standard_task_runner.py:105} INFO - Job 66: Subtask extract
[2026-09-23T06:10:44.606+0000] {task_command.py:467} INFO - Running <TaskInstance: dss150p_sales_pipeline.extract manual__2026-09-23T06:02:27+00:00 [running]> on host c76e692badc3
[2026-09-23T06:10:44.865+0000] {taskinstance.py:3134} INFO - Exporting env vars: AIRFLOW_CTX_DAG_OWNER='dss150p' AIRFLOW_CTX_DAG_ID='dss150p_sales_pipeline' AIRFLOW_CTX_TASK_ID='extract' AIRFLOW_CTX_EXECUTION_DATE='2026-09-23T06:02:27+00:00' AIRFLOW_CTX_TRY_NUMBER='4' AIRFLOW_CTX_DAG_RUN_ID='manual__2026-09-23T06:02:27+00:00'
[2026-09-23T06:10:44.871+0000] {taskinstance.py:732} INFO - ::endgroup::
[2026-09-23T06:10:45.061+0000] {subprocess.py:78} INFO - Tmp dir root location: /tmp
[2026-09-23T06:10:45.067+0000] {subprocess.py:88} INFO - Running command: ['/usr/bin/bash', '-c', 'cd /opt/airflow/project && PIPELINE_RUN_ID="manual__2026-09-23T06:02:27+00:00" python -m src.cli extract']
[2026-09-23T06:10:45.129+0000] {subprocess.py:99} INFO - Output:
[2026-09-23T06:10:51.921+0000] {subprocess.py:106} INFO - 2026-09-23 06:10:51,920 - INFO - Initializing pipeline run: manual__2026-09-23T06:02:27+00:00
[2026-09-23T06:10:52.416+0000] {subprocess.py:106} INFO - 2026-09-23 06:10:52,411 - INFO - EXTRACT stage complete. Data at /opt/airflow/project/data/raw/run_id=manual__2026-09-23T06:02:27+00:00
[2026-09-23T06:10:52.837+0000] {subprocess.py:110} INFO - Command exited with return code 0
[2026-09-23T06:10:53.028+0000] {taskinstance.py:341} INFO - ::group::Post task execution logs
[2026-09-23T06:10:53.036+0000] {taskinstance.py:353} INFO - Marking task as SUCCESS. dag_id=dss150p_sales_pipeline, task_id=extract, run_id=manual__2026-09-23T06:02:27+00:00, execution_date=20260923T060227, start_date=20260923T061044, end_date=20260923T061053
[2026-09-23T06:10:53.223+0000] {local_task_job_runner.py:266} INFO - Task exited with return code 0
[2026-09-23T06:10:53.395+0000] {taskinstance.py:3901} INFO - 1 downstream tasks scheduled from follow-on schedule check
[2026-09-23T06:10:53.427+0000] {local_task_job_runner.py:245} INFO - ::endgroup::
