[2026-09-23T06:02:39.021+0000] {local_task_job_runner.py:123} INFO - ::group::Pre task execution logs
[2026-09-23T06:02:39.179+0000] {taskinstance.py:2614} INFO - Dependencies all met for dep_context=non-requeueable deps ti=<TaskInstance: dss150p_sales_pipeline.extract manual__2026-09-23T06:02:27+00:00 [queued]>
[2026-09-23T06:02:39.232+0000] {taskinstance.py:2614} INFO - Dependencies all met for dep_context=requeueable deps ti=<TaskInstance: dss150p_sales_pipeline.extract manual__2026-09-23T06:02:27+00:00 [queued]>
[2026-09-23T06:02:39.234+0000] {taskinstance.py:2867} INFO - Starting attempt 1 of 3
[2026-09-23T06:02:39.298+0000] {taskinstance.py:2890} INFO - Executing <Task(BashOperator): extract> on 2026-09-23 06:02:27+00:00
[2026-09-23T06:02:39.312+0000] {standard_task_runner.py:72} INFO - Started process 2700 to run task
[2026-09-23T06:02:39.327+0000] {standard_task_runner.py:104} INFO - Running: ['airflow', 'tasks', 'run', 'dss150p_sales_pipeline', 'extract', 'manual__2026-09-23T06:02:27+00:00', '--job-id', '63', '--raw', '--subdir', 'DAGS_FOLDER/dss150p_pipeline.py', '--cfg-path', '/tmp/tmpey98z9w0']
[2026-09-23T06:02:39.334+0000] {standard_task_runner.py:105} INFO - Job 63: Subtask extract
[2026-09-23T06:02:39.716+0000] {task_command.py:467} INFO - Running <TaskInstance: dss150p_sales_pipeline.extract manual__2026-09-23T06:02:27+00:00 [running]> on host c76e692badc3
[2026-09-23T06:02:40.278+0000] {taskinstance.py:3134} INFO - Exporting env vars: AIRFLOW_CTX_DAG_OWNER='dss150p' AIRFLOW_CTX_DAG_ID='dss150p_sales_pipeline' AIRFLOW_CTX_TASK_ID='extract' AIRFLOW_CTX_EXECUTION_DATE='2026-09-23T06:02:27+00:00' AIRFLOW_CTX_TRY_NUMBER='1' AIRFLOW_CTX_DAG_RUN_ID='manual__2026-09-23T06:02:27+00:00'
[2026-09-23T06:02:40.280+0000] {taskinstance.py:732} INFO - ::endgroup::
[2026-09-23T06:02:40.406+0000] {subprocess.py:78} INFO - Tmp dir root location: /tmp
[2026-09-23T06:02:40.415+0000] {subprocess.py:88} INFO - Running command: ['/usr/bin/bash', '-c', 'cd /opt/airflow/project && PIPELINE_RUN_ID="manual__2026-09-23T06:02:27+00:00" python -m src.cli extract']
[2026-09-23T06:02:40.511+0000] {subprocess.py:99} INFO - Output:
[2026-09-23T06:02:49.451+0000] {subprocess.py:106} INFO - 2026-09-23 06:02:49,447 - INFO - Initializing pipeline run: manual__2026-09-23T06:02:27+00:00
[2026-09-23T06:02:49.514+0000] {subprocess.py:106} INFO - 2026-09-23 06:02:49,481 - ERROR - Pipeline system failure in EXTRACT stage: [Errno 2] No such file or directory: '/opt/airflow/project/data/source/orders.csv'
[2026-09-23T06:02:49.515+0000] {subprocess.py:106} INFO - Traceback (most recent call last):
[2026-09-23T06:02:49.531+0000] {subprocess.py:106} INFO -   File "/opt/airflow/project/src/cli.py", line 40, in main
[2026-09-23T06:02:49.532+0000] {subprocess.py:106} INFO -     raw_path = extract_sources(run_id)
[2026-09-23T06:02:49.539+0000] {subprocess.py:106} INFO -                ^^^^^^^^^^^^^^^^^^^^^^^
[2026-09-23T06:02:49.541+0000] {subprocess.py:106} INFO -   File "/opt/airflow/project/src/extract/files.py", line 34, in extract_sources
[2026-09-23T06:02:49.542+0000] {subprocess.py:106} INFO -     shutil.copy2(src_file, dest_file)
[2026-09-23T06:02:49.543+0000] {subprocess.py:106} INFO -   File "/usr/local/lib/python3.11/shutil.py", line 448, in copy2
[2026-09-23T06:02:49.543+0000] {subprocess.py:106} INFO -     copyfile(src, dst, follow_symlinks=follow_symlinks)
[2026-09-23T06:02:49.544+0000] {subprocess.py:106} INFO -   File "/usr/local/lib/python3.11/shutil.py", line 256, in copyfile
[2026-09-23T06:02:49.544+0000] {subprocess.py:106} INFO -     with open(src, 'rb') as fsrc:
[2026-09-23T06:02:49.544+0000] {subprocess.py:106} INFO -          ^^^^^^^^^^^^^^^
[2026-09-23T06:02:49.545+0000] {subprocess.py:106} INFO - FileNotFoundError: [Errno 2] No such file or directory: '/opt/airflow/project/data/source/orders.csv'
[2026-09-23T06:02:50.779+0000] {subprocess.py:110} INFO - Command exited with return code 1
[2026-09-23T06:02:51.086+0000] {taskinstance.py:3313} ERROR - Task failed with exception
Traceback (most recent call last):
  File "/home/airflow/.local/lib/python3.11/site-packages/airflow/models/taskinstance.py", line 763, in _execute_task
    result = _execute_callable(context=context, **execute_callable_kwargs)
             ^^^^^^^^^^^^^^^^^^^^^^^^^^^^^^^^^^^^^^^^^^^^^^^^^^^^^^^^^^^^^
  File "/home/airflow/.local/lib/python3.11/site-packages/airflow/models/taskinstance.py", line 734, in _execute_callable
    return ExecutionCallableRunner(
           ^^^^^^^^^^^^^^^^^^^^^^^^
  File "/home/airflow/.local/lib/python3.11/site-packages/airflow/utils/operator_helpers.py", line 252, in run
    return self.func(*args, **kwargs)
           ^^^^^^^^^^^^^^^^^^^^^^^^^^
  File "/home/airflow/.local/lib/python3.11/site-packages/airflow/models/baseoperator.py", line 424, in wrapper
    return func(self, *args, **kwargs)
           ^^^^^^^^^^^^^^^^^^^^^^^^^^^
  File "/home/airflow/.local/lib/python3.11/site-packages/airflow/operators/bash.py", line 276, in execute
    raise AirflowException(
airflow.exceptions.AirflowException: Bash command failed. The command returned a non-zero exit code 1.
[2026-09-23T06:02:51.295+0000] {taskinstance.py:1226} INFO - Marking task as UP_FOR_RETRY. dag_id=dss150p_sales_pipeline, task_id=extract, run_id=manual__2026-09-23T06:02:27+00:00, execution_date=20260923T060227, start_date=20260923T060239, end_date=20260923T060251
[2026-09-23T06:02:51.697+0000] {taskinstance.py:341} INFO - ::group::Post task execution logs
[2026-09-23T06:02:51.711+0000] {standard_task_runner.py:124} ERROR - Failed to execute job 63 for task extract (Bash command failed. The command returned a non-zero exit code 1.; 2700)
Traceback (most recent call last):
  File "/home/airflow/.local/lib/python3.11/site-packages/airflow/task/task_runner/standard_task_runner.py", line 117, in _start_by_fork
    ret = args.func(args, dag=self.dag)
          ^^^^^^^^^^^^^^^^^^^^^^^^^^^^^
  File "/home/airflow/.local/lib/python3.11/site-packages/airflow/cli/cli_config.py", line 49, in command
    return func(*args, **kwargs)
           ^^^^^^^^^^^^^^^^^^^^^
  File "/home/airflow/.local/lib/python3.11/site-packages/airflow/utils/cli.py", line 116, in wrapper
    return f(*args, **kwargs)
           ^^^^^^^^^^^^^^^^^^
  File "/home/airflow/.local/lib/python3.11/site-packages/airflow/cli/commands/task_command.py", line 483, in task_run
    task_return_code = _run_task_by_selected_method(args, _dag, ti)
                       ^^^^^^^^^^^^^^^^^^^^^^^^^^^^^^^^^^^^^^^^^^^^
  File "/home/airflow/.local/lib/python3.11/site-packages/airflow/cli/commands/task_command.py", line 256, in _run_task_by_selected_method
    return _run_raw_task(args, ti)
           ^^^^^^^^^^^^^^^^^^^^^^^
  File "/home/airflow/.local/lib/python3.11/site-packages/airflow/cli/commands/task_command.py", line 341, in _run_raw_task
    return ti._run_raw_task(
           ^^^^^^^^^^^^^^^^^
  File "/home/airflow/.local/lib/python3.11/site-packages/airflow/utils/session.py", line 97, in wrapper
    return func(*args, session=session, **kwargs)
           ^^^^^^^^^^^^^^^^^^^^^^^^^^^^^^^^^^^^^^
  File "/home/airflow/.local/lib/python3.11/site-packages/airflow/models/taskinstance.py", line 3006, in _run_raw_task
    return _run_raw_task(
           ^^^^^^^^^^^^^^
  File "/home/airflow/.local/lib/python3.11/site-packages/airflow/models/taskinstance.py", line 274, in _run_raw_task
    TaskInstance._execute_task_with_callbacks(
  File "/home/airflow/.local/lib/python3.11/site-packages/airflow/models/taskinstance.py", line 3161, in _execute_task_with_callbacks
    result = self._execute_task(context, task_orig)
             ^^^^^^^^^^^^^^^^^^^^^^^^^^^^^^^^^^^^^^
  File "/home/airflow/.local/lib/python3.11/site-packages/airflow/models/taskinstance.py", line 3185, in _execute_task
    return _execute_task(self, context, task_orig)
           ^^^^^^^^^^^^^^^^^^^^^^^^^^^^^^^^^^^^^^^
  File "/home/airflow/.local/lib/python3.11/site-packages/airflow/models/taskinstance.py", line 763, in _execute_task
    result = _execute_callable(context=context, **execute_callable_kwargs)
             ^^^^^^^^^^^^^^^^^^^^^^^^^^^^^^^^^^^^^^^^^^^^^^^^^^^^^^^^^^^^^
  File "/home/airflow/.local/lib/python3.11/site-packages/airflow/models/taskinstance.py", line 734, in _execute_callable
    return ExecutionCallableRunner(
           ^^^^^^^^^^^^^^^^^^^^^^^^
  File "/home/airflow/.local/lib/python3.11/site-packages/airflow/utils/operator_helpers.py", line 252, in run
    return self.func(*args, **kwargs)
           ^^^^^^^^^^^^^^^^^^^^^^^^^^
  File "/home/airflow/.local/lib/python3.11/site-packages/airflow/models/baseoperator.py", line 424, in wrapper
    return func(self, *args, **kwargs)
           ^^^^^^^^^^^^^^^^^^^^^^^^^^^
  File "/home/airflow/.local/lib/python3.11/site-packages/airflow/operators/bash.py", line 276, in execute
    raise AirflowException(
airflow.exceptions.AirflowException: Bash command failed. The command returned a non-zero exit code 1.
[2026-09-23T06:02:51.880+0000] {local_task_job_runner.py:266} INFO - Task exited with return code 1
[2026-09-23T06:02:52.038+0000] {taskinstance.py:3901} INFO - 0 downstream tasks scheduled from follow-on schedule check
[2026-09-23T06:02:52.044+0000] {local_task_job_runner.py:245} INFO - ::endgroup::
