[2026-09-23T06:11:03.634+0000] {local_task_job_runner.py:123} INFO - ::group::Pre task execution logs
[2026-09-23T06:11:03.674+0000] {taskinstance.py:2614} INFO - Dependencies all met for dep_context=non-requeueable deps ti=<TaskInstance: dss150p_sales_pipeline.load manual__2026-09-23T06:02:27+00:00 [queued]>
[2026-09-23T06:11:03.696+0000] {taskinstance.py:2614} INFO - Dependencies all met for dep_context=requeueable deps ti=<TaskInstance: dss150p_sales_pipeline.load manual__2026-09-23T06:02:27+00:00 [queued]>
[2026-09-23T06:11:03.698+0000] {taskinstance.py:2867} INFO - Starting attempt 1 of 3
[2026-09-23T06:11:03.753+0000] {taskinstance.py:2890} INFO - Executing <Task(BashOperator): load> on 2026-09-23 06:02:27+00:00
[2026-09-23T06:11:03.769+0000] {standard_task_runner.py:72} INFO - Started process 2835 to run task
[2026-09-23T06:11:03.780+0000] {standard_task_runner.py:104} INFO - Running: ['airflow', 'tasks', 'run', 'dss150p_sales_pipeline', 'load', 'manual__2026-09-23T06:02:27+00:00', '--job-id', '68', '--raw', '--subdir', 'DAGS_FOLDER/dss150p_pipeline.py', '--cfg-path', '/tmp/tmppyh0rpno']
[2026-09-23T06:11:03.799+0000] {standard_task_runner.py:105} INFO - Job 68: Subtask load
[2026-09-23T06:11:03.982+0000] {task_command.py:467} INFO - Running <TaskInstance: dss150p_sales_pipeline.load manual__2026-09-23T06:02:27+00:00 [running]> on host c76e692badc3
[2026-09-23T06:11:04.348+0000] {taskinstance.py:3134} INFO - Exporting env vars: AIRFLOW_CTX_DAG_OWNER='dss150p' AIRFLOW_CTX_DAG_ID='dss150p_sales_pipeline' AIRFLOW_CTX_TASK_ID='load' AIRFLOW_CTX_EXECUTION_DATE='2026-09-23T06:02:27+00:00' AIRFLOW_CTX_TRY_NUMBER='1' AIRFLOW_CTX_DAG_RUN_ID='manual__2026-09-23T06:02:27+00:00'
[2026-09-23T06:11:04.358+0000] {taskinstance.py:732} INFO - ::endgroup::
[2026-09-23T06:11:04.444+0000] {subprocess.py:78} INFO - Tmp dir root location: /tmp
[2026-09-23T06:11:04.453+0000] {subprocess.py:88} INFO - Running command: ['/usr/bin/bash', '-c', 'cd /opt/airflow/project && PIPELINE_RUN_ID="manual__2026-09-23T06:02:27+00:00" python -m src.cli load']
[2026-09-23T06:11:04.492+0000] {subprocess.py:99} INFO - Output:
[2026-09-23T06:11:06.075+0000] {subprocess.py:106} INFO - 2026-09-23 06:11:06,075 - INFO - Initializing pipeline run: manual__2026-09-23T06:02:27+00:00
[2026-09-23T06:11:06.276+0000] {subprocess.py:106} INFO - 2026-09-23 06:11:06,275 - INFO - EXTRACT stage complete. Data at /opt/airflow/project/data/raw/run_id=manual__2026-09-23T06:02:27+00:00
[2026-09-23T06:11:07.178+0000] {subprocess.py:106} INFO - 2026-09-23 06:11:07,178 - INFO - Curated dataset passed all data quality validations successfully.
[2026-09-23T06:11:07.181+0000] {subprocess.py:106} INFO - 2026-09-23 06:11:07,180 - INFO - TRANSFORM stage complete. Curated rows: 49898
[2026-09-23T06:11:56.238+0000] {subprocess.py:106} INFO - 2026-09-23 06:11:56,229 - INFO - LOAD stage complete. Upserted 49898 records into PostgreSQL.
[2026-09-23T06:11:56.791+0000] {subprocess.py:110} INFO - Command exited with return code 0
[2026-09-23T06:11:56.904+0000] {taskinstance.py:341} INFO - ::group::Post task execution logs
[2026-09-23T06:11:56.908+0000] {taskinstance.py:353} INFO - Marking task as SUCCESS. dag_id=dss150p_sales_pipeline, task_id=load, run_id=manual__2026-09-23T06:02:27+00:00, execution_date=20260923T060227, start_date=20260923T061103, end_date=20260923T061156
[2026-09-23T06:11:57.023+0000] {local_task_job_runner.py:266} INFO - Task exited with return code 0
[2026-09-23T06:11:57.078+0000] {taskinstance.py:3901} INFO - 1 downstream tasks scheduled from follow-on schedule check
[2026-09-23T06:11:57.093+0000] {local_task_job_runner.py:245} INFO - ::endgroup::
