[2026-09-23T03:59:21.693+0000] {local_task_job_runner.py:123} INFO - ::group::Pre task execution logs
[2026-09-23T03:59:22.451+0000] {taskinstance.py:2614} INFO - Dependencies all met for dep_context=non-requeueable deps ti=<TaskInstance: dss150p_sales_pipeline.transform manual__2026-09-23T03:15:07+00:00 [queued]>
[2026-09-23T03:59:22.629+0000] {taskinstance.py:2614} INFO - Dependencies all met for dep_context=requeueable deps ti=<TaskInstance: dss150p_sales_pipeline.transform manual__2026-09-23T03:15:07+00:00 [queued]>
[2026-09-23T03:59:22.644+0000] {taskinstance.py:2867} INFO - Starting attempt 2 of 3
[2026-09-23T03:59:22.897+0000] {taskinstance.py:2890} INFO - Executing <Task(BashOperator): transform> on 2026-09-23 03:15:07+00:00
[2026-09-23T03:59:23.163+0000] {standard_task_runner.py:72} INFO - Started process 871 to run task
[2026-09-23T03:59:23.281+0000] {standard_task_runner.py:104} INFO - Running: ['airflow', 'tasks', 'run', 'dss150p_sales_pipeline', 'transform', 'manual__2026-09-23T03:15:07+00:00', '--job-id', '13', '--raw', '--subdir', 'DAGS_FOLDER/dss150p_pipeline.py', '--cfg-path', '/tmp/tmpiakh4i40']
[2026-09-23T03:59:23.301+0000] {standard_task_runner.py:105} INFO - Job 13: Subtask transform
[2026-09-23T03:59:24.464+0000] {task_command.py:467} INFO - Running <TaskInstance: dss150p_sales_pipeline.transform manual__2026-09-23T03:15:07+00:00 [running]> on host c76e692badc3
[2026-09-23T03:59:25.059+0000] {taskinstance.py:3134} INFO - Exporting env vars: AIRFLOW_CTX_DAG_OWNER='dss150p' AIRFLOW_CTX_DAG_ID='dss150p_sales_pipeline' AIRFLOW_CTX_TASK_ID='transform' AIRFLOW_CTX_EXECUTION_DATE='2026-09-23T03:15:07+00:00' AIRFLOW_CTX_TRY_NUMBER='2' AIRFLOW_CTX_DAG_RUN_ID='manual__2026-09-23T03:15:07+00:00'
[2026-09-23T03:59:25.086+0000] {taskinstance.py:732} INFO - ::endgroup::
[2026-09-23T03:59:25.188+0000] {subprocess.py:78} INFO - Tmp dir root location: /tmp
[2026-09-23T03:59:25.196+0000] {subprocess.py:88} INFO - Running command: ['/usr/bin/bash', '-c', 'cd /opt/airflow/project && PIPELINE_RUN_ID="manual__2026-09-23T03:15:07+00:00" python -m src.cli transform']
[2026-09-23T03:59:25.234+0000] {subprocess.py:99} INFO - Output:
[2026-09-23T03:59:28.620+0000] {job.py:229} INFO - Heartbeat recovered after 11.60 seconds
[2026-09-23T03:59:29.025+0000] {subprocess.py:106} INFO - 2026-09-23 03:59:29,025 - INFO - Initializing pipeline run: manual__2026-09-23T03:15:07+00:00
[2026-09-23T03:59:29.109+0000] {subprocess.py:106} INFO - 2026-09-23 03:59:29,109 - INFO - EXTRACT stage complete. Data at /opt/airflow/project/data/raw/run_id=manual__2026-09-23T03:15:07+00:00
[2026-09-23T03:59:29.718+0000] {subprocess.py:106} INFO - 2026-09-23 03:59:29,717 - INFO - TRANSFORM stage complete. Curated rows: 49898
[2026-09-23T03:59:29.944+0000] {subprocess.py:110} INFO - Command exited with return code 0
[2026-09-23T03:59:30.017+0000] {taskinstance.py:341} INFO - ::group::Post task execution logs
[2026-09-23T03:59:30.019+0000] {taskinstance.py:353} INFO - Marking task as SUCCESS. dag_id=dss150p_sales_pipeline, task_id=transform, run_id=manual__2026-09-23T03:15:07+00:00, execution_date=20260923T031507, start_date=20260923T035922, end_date=20260923T035930
[2026-09-23T03:59:30.130+0000] {local_task_job_runner.py:266} INFO - Task exited with return code 0
[2026-09-23T03:59:30.195+0000] {taskinstance.py:3901} INFO - 1 downstream tasks scheduled from follow-on schedule check
[2026-09-23T03:59:30.213+0000] {local_task_job_runner.py:245} INFO - ::endgroup::
