[2026-09-23T06:10:55.471+0000] {local_task_job_runner.py:123} INFO - ::group::Pre task execution logs
[2026-09-23T06:10:55.561+0000] {taskinstance.py:2614} INFO - Dependencies all met for dep_context=non-requeueable deps ti=<TaskInstance: dss150p_sales_pipeline.transform manual__2026-09-23T06:02:27+00:00 [queued]>
[2026-09-23T06:10:55.623+0000] {taskinstance.py:2614} INFO - Dependencies all met for dep_context=requeueable deps ti=<TaskInstance: dss150p_sales_pipeline.transform manual__2026-09-23T06:02:27+00:00 [queued]>
[2026-09-23T06:10:55.652+0000] {taskinstance.py:2867} INFO - Starting attempt 1 of 3
[2026-09-23T06:10:55.792+0000] {taskinstance.py:2890} INFO - Executing <Task(BashOperator): transform> on 2026-09-23 06:02:27+00:00
[2026-09-23T06:10:55.836+0000] {standard_task_runner.py:72} INFO - Started process 2823 to run task
[2026-09-23T06:10:55.849+0000] {standard_task_runner.py:104} INFO - Running: ['airflow', 'tasks', 'run', 'dss150p_sales_pipeline', 'transform', 'manual__2026-09-23T06:02:27+00:00', '--job-id', '67', '--raw', '--subdir', 'DAGS_FOLDER/dss150p_pipeline.py', '--cfg-path', '/tmp/tmp_kb0hp3l']
[2026-09-23T06:10:55.867+0000] {standard_task_runner.py:105} INFO - Job 67: Subtask transform
[2026-09-23T06:10:56.111+0000] {task_command.py:467} INFO - Running <TaskInstance: dss150p_sales_pipeline.transform manual__2026-09-23T06:02:27+00:00 [running]> on host c76e692badc3
[2026-09-23T06:10:56.365+0000] {taskinstance.py:3134} INFO - Exporting env vars: AIRFLOW_CTX_DAG_OWNER='dss150p' AIRFLOW_CTX_DAG_ID='dss150p_sales_pipeline' AIRFLOW_CTX_TASK_ID='transform' AIRFLOW_CTX_EXECUTION_DATE='2026-09-23T06:02:27+00:00' AIRFLOW_CTX_TRY_NUMBER='1' AIRFLOW_CTX_DAG_RUN_ID='manual__2026-09-23T06:02:27+00:00'
[2026-09-23T06:10:56.372+0000] {taskinstance.py:732} INFO - ::endgroup::
[2026-09-23T06:10:56.452+0000] {subprocess.py:78} INFO - Tmp dir root location: /tmp
[2026-09-23T06:10:56.457+0000] {subprocess.py:88} INFO - Running command: ['/usr/bin/bash', '-c', 'cd /opt/airflow/project && PIPELINE_RUN_ID="manual__2026-09-23T06:02:27+00:00" python -m src.cli transform']
[2026-09-23T06:10:56.501+0000] {subprocess.py:99} INFO - Output:
[2026-09-23T06:10:59.112+0000] {subprocess.py:106} INFO - 2026-09-23 06:10:59,106 - INFO - Initializing pipeline run: manual__2026-09-23T06:02:27+00:00
[2026-09-23T06:10:59.440+0000] {subprocess.py:106} INFO - 2026-09-23 06:10:59,438 - INFO - EXTRACT stage complete. Data at /opt/airflow/project/data/raw/run_id=manual__2026-09-23T06:02:27+00:00
[2026-09-23T06:11:01.312+0000] {subprocess.py:106} INFO - 2026-09-23 06:11:01,311 - INFO - Curated dataset passed all data quality validations successfully.
[2026-09-23T06:11:01.325+0000] {subprocess.py:106} INFO - 2026-09-23 06:11:01,325 - INFO - TRANSFORM stage complete. Curated rows: 49898
[2026-09-23T06:11:01.700+0000] {subprocess.py:110} INFO - Command exited with return code 0
[2026-09-23T06:11:01.822+0000] {taskinstance.py:341} INFO - ::group::Post task execution logs
[2026-09-23T06:11:01.837+0000] {taskinstance.py:353} INFO - Marking task as SUCCESS. dag_id=dss150p_sales_pipeline, task_id=transform, run_id=manual__2026-09-23T06:02:27+00:00, execution_date=20260923T060227, start_date=20260923T061055, end_date=20260923T061101
[2026-09-23T06:11:01.995+0000] {local_task_job_runner.py:266} INFO - Task exited with return code 0
[2026-09-23T06:11:02.083+0000] {taskinstance.py:3901} INFO - 1 downstream tasks scheduled from follow-on schedule check
[2026-09-23T06:11:02.106+0000] {local_task_job_runner.py:245} INFO - ::endgroup::
