[2026-09-23T04:47:18.016+0000] {local_task_job_runner.py:123} INFO - ::group::Pre task execution logs
[2026-09-23T04:47:18.054+0000] {taskinstance.py:2614} INFO - Dependencies all met for dep_context=non-requeueable deps ti=<TaskInstance: dss150p_sales_pipeline.load manual__2026-09-23T03:15:07+00:00 [queued]>
[2026-09-23T04:47:18.066+0000] {taskinstance.py:2614} INFO - Dependencies all met for dep_context=requeueable deps ti=<TaskInstance: dss150p_sales_pipeline.load manual__2026-09-23T03:15:07+00:00 [queued]>
[2026-09-23T04:47:18.067+0000] {taskinstance.py:2867} INFO - Starting attempt 11 of 12
[2026-09-23T04:47:18.085+0000] {taskinstance.py:2890} INFO - Executing <Task(BashOperator): load> on 2026-09-23 03:15:07+00:00
[2026-09-23T04:47:18.097+0000] {standard_task_runner.py:72} INFO - Started process 1627 to run task
[2026-09-23T04:47:18.122+0000] {standard_task_runner.py:104} INFO - Running: ['airflow', 'tasks', 'run', 'dss150p_sales_pipeline', 'load', 'manual__2026-09-23T03:15:07+00:00', '--job-id', '38', '--raw', '--subdir', 'DAGS_FOLDER/dss150p_pipeline.py', '--cfg-path', '/tmp/tmph301ujxz']
[2026-09-23T04:47:18.129+0000] {standard_task_runner.py:105} INFO - Job 38: Subtask load
[2026-09-23T04:47:18.338+0000] {task_command.py:467} INFO - Running <TaskInstance: dss150p_sales_pipeline.load manual__2026-09-23T03:15:07+00:00 [running]> on host c76e692badc3
[2026-09-23T04:47:18.982+0000] {taskinstance.py:3134} INFO - Exporting env vars: AIRFLOW_CTX_DAG_OWNER='dss150p' AIRFLOW_CTX_DAG_ID='dss150p_sales_pipeline' AIRFLOW_CTX_TASK_ID='load' AIRFLOW_CTX_EXECUTION_DATE='2026-09-23T03:15:07+00:00' AIRFLOW_CTX_TRY_NUMBER='11' AIRFLOW_CTX_DAG_RUN_ID='manual__2026-09-23T03:15:07+00:00'
[2026-09-23T04:47:18.984+0000] {taskinstance.py:732} INFO - ::endgroup::
[2026-09-23T04:47:19.049+0000] {subprocess.py:78} INFO - Tmp dir root location: /tmp
[2026-09-23T04:47:19.052+0000] {subprocess.py:88} INFO - Running command: ['/usr/bin/bash', '-c', 'cd /opt/airflow/project && PIPELINE_RUN_ID="manual__2026-09-23T03:15:07+00:00" python -m src.cli load']
[2026-09-23T04:47:19.080+0000] {subprocess.py:99} INFO - Output:
[2026-09-23T04:47:21.035+0000] {subprocess.py:106} INFO - 2026-09-23 04:47:21,035 - INFO - Initializing pipeline run: manual__2026-09-23T03:15:07+00:00
[2026-09-23T04:47:21.204+0000] {subprocess.py:106} INFO - 2026-09-23 04:47:21,201 - INFO - EXTRACT stage complete. Data at /opt/airflow/project/data/raw/run_id=manual__2026-09-23T03:15:07+00:00
[2026-09-23T04:47:22.236+0000] {subprocess.py:106} INFO - 2026-09-23 04:47:22,235 - INFO - Curated dataset passed all data quality validations successfully.
[2026-09-23T04:47:22.244+0000] {subprocess.py:106} INFO - 2026-09-23 04:47:22,237 - INFO - TRANSFORM stage complete. Curated rows: 49898
[2026-09-23T04:47:22.291+0000] {subprocess.py:106} INFO - /opt/airflow/project/src/load/postgres.py:57: UserWarning: pandas only supports SQLAlchemy connectable (engine/connection) or database string URI or sqlite3 DBAPI2 connection. Other DBAPI2 objects are not tested. Please consider using SQLAlchemy.
[2026-09-23T04:47:22.323+0000] {subprocess.py:106} INFO -   df.to_sql(
[2026-09-23T04:47:22.339+0000] {subprocess.py:106} INFO - 2026-09-23 04:47:22,333 - ERROR - Pipeline system failure in LOAD stage: 'Engine' object has no attribute 'cursor'
[2026-09-23T04:47:22.342+0000] {subprocess.py:106} INFO - Traceback (most recent call last):
[2026-09-23T04:47:22.344+0000] {subprocess.py:106} INFO -   File "/opt/airflow/project/src/cli.py", line 63, in main
[2026-09-23T04:47:22.346+0000] {subprocess.py:106} INFO -     loaded_rows = upsert_curated(curated_df, run_id)
[2026-09-23T04:47:22.347+0000] {subprocess.py:106} INFO -                   ^^^^^^^^^^^^^^^^^^^^^^^^^^^^^^^^^^
[2026-09-23T04:47:22.352+0000] {subprocess.py:106} INFO -   File "/opt/airflow/project/src/load/postgres.py", line 57, in upsert_curated
[2026-09-23T04:47:22.354+0000] {subprocess.py:106} INFO -     df.to_sql(
[2026-09-23T04:47:22.355+0000] {subprocess.py:106} INFO -   File "/home/airflow/.local/lib/python3.11/site-packages/pandas/util/_decorators.py", line 333, in wrapper
[2026-09-23T04:47:22.358+0000] {subprocess.py:106} INFO -     return func(*args, **kwargs)
[2026-09-23T04:47:22.360+0000] {subprocess.py:106} INFO -            ^^^^^^^^^^^^^^^^^^^^^
[2026-09-23T04:47:22.362+0000] {subprocess.py:106} INFO -   File "/home/airflow/.local/lib/python3.11/site-packages/pandas/core/generic.py", line 3087, in to_sql
[2026-09-23T04:47:22.364+0000] {subprocess.py:106} INFO -     return sql.to_sql(
[2026-09-23T04:47:22.366+0000] {subprocess.py:106} INFO -            ^^^^^^^^^^^
[2026-09-23T04:47:22.367+0000] {subprocess.py:106} INFO -   File "/home/airflow/.local/lib/python3.11/site-packages/pandas/io/sql.py", line 842, in to_sql
[2026-09-23T04:47:22.370+0000] {subprocess.py:106} INFO -     return pandas_sql.to_sql(
[2026-09-23T04:47:22.372+0000] {subprocess.py:106} INFO -            ^^^^^^^^^^^^^^^^^^
[2026-09-23T04:47:22.375+0000] {subprocess.py:106} INFO -   File "/home/airflow/.local/lib/python3.11/site-packages/pandas/io/sql.py", line 2850, in to_sql
[2026-09-23T04:47:22.377+0000] {subprocess.py:106} INFO -     table.create()
[2026-09-23T04:47:22.377+0000] {subprocess.py:106} INFO -   File "/home/airflow/.local/lib/python3.11/site-packages/pandas/io/sql.py", line 984, in create
[2026-09-23T04:47:22.379+0000] {subprocess.py:106} INFO -     if self.exists():
[2026-09-23T04:47:22.382+0000] {subprocess.py:106} INFO -        ^^^^^^^^^^^^^
[2026-09-23T04:47:22.397+0000] {subprocess.py:106} INFO -   File "/home/airflow/.local/lib/python3.11/site-packages/pandas/io/sql.py", line 970, in exists
[2026-09-23T04:47:22.400+0000] {subprocess.py:106} INFO -     return self.pd_sql.has_table(self.name, self.schema)
[2026-09-23T04:47:22.402+0000] {subprocess.py:106} INFO -            ^^^^^^^^^^^^^^^^^^^^^^^^^^^^^^^^^^^^^^^^^^^^^
[2026-09-23T04:47:22.404+0000] {subprocess.py:106} INFO -   File "/home/airflow/.local/lib/python3.11/site-packages/pandas/io/sql.py", line 2865, in has_table
[2026-09-23T04:47:22.407+0000] {subprocess.py:106} INFO -     return len(self.execute(query, [name]).fetchall()) > 0
[2026-09-23T04:47:22.408+0000] {subprocess.py:106} INFO -                ^^^^^^^^^^^^^^^^^^^^^^^^^^^
[2026-09-23T04:47:22.410+0000] {subprocess.py:106} INFO -   File "/home/airflow/.local/lib/python3.11/site-packages/pandas/io/sql.py", line 2672, in execute
[2026-09-23T04:47:22.412+0000] {subprocess.py:106} INFO -     cur = self.con.cursor()
[2026-09-23T04:47:22.414+0000] {subprocess.py:106} INFO -           ^^^^^^^^^^^^^^^
[2026-09-23T04:47:22.416+0000] {subprocess.py:106} INFO - AttributeError: 'Engine' object has no attribute 'cursor'
[2026-09-23T04:47:22.708+0000] {subprocess.py:110} INFO - Command exited with return code 1
[2026-09-23T04:47:22.742+0000] {taskinstance.py:3313} ERROR - Task failed with exception
Traceback (most recent call last):
  File "/home/airflow/.local/lib/python3.11/site-packages/airflow/models/taskinstance.py", line 763, in _execute_task
    result = _execute_callable(context=context, **execute_callable_kwargs)
             ^^^^^^^^^^^^^^^^^^^^^^^^^^^^^^^^^^^^^^^^^^^^^^^^^^^^^^^^^^^^^
  File "/home/airflow/.local/lib/python3.11/site-packages/airflow/models/taskinstance.py", line 734, in _execute_callable
    return ExecutionCallableRunner(
           ^^^^^^^^^^^^^^^^^^^^^^^^
  File "/home/airflow/.local/lib/python3.11/site-packages/airflow/utils/operator_helpers.py", line 252, in run
    return self.func(*args, **kwargs)
           ^^^^^^^^^^^^^^^^^^^^^^^^^^
  File "/home/airflow/.local/lib/python3.11/site-packages/airflow/models/baseoperator.py", line 424, in wrapper
    return func(self, *args, **kwargs)
           ^^^^^^^^^^^^^^^^^^^^^^^^^^^
  File "/home/airflow/.local/lib/python3.11/site-packages/airflow/operators/bash.py", line 276, in execute
    raise AirflowException(
airflow.exceptions.AirflowException: Bash command failed. The command returned a non-zero exit code 1.
[2026-09-23T04:47:22.760+0000] {taskinstance.py:1226} INFO - Marking task as UP_FOR_RETRY. dag_id=dss150p_sales_pipeline, task_id=load, run_id=manual__2026-09-23T03:15:07+00:00, execution_date=20260923T031507, start_date=20260923T044718, end_date=20260923T044722
[2026-09-23T04:47:22.832+0000] {taskinstance.py:341} INFO - ::group::Post task execution logs
[2026-09-23T04:47:22.837+0000] {standard_task_runner.py:124} ERROR - Failed to execute job 38 for task load (Bash command failed. The command returned a non-zero exit code 1.; 1627)
Traceback (most recent call last):
  File "/home/airflow/.local/lib/python3.11/site-packages/airflow/task/task_runner/standard_task_runner.py", line 117, in _start_by_fork
    ret = args.func(args, dag=self.dag)
          ^^^^^^^^^^^^^^^^^^^^^^^^^^^^^
  File "/home/airflow/.local/lib/python3.11/site-packages/airflow/cli/cli_config.py", line 49, in command
    return func(*args, **kwargs)
           ^^^^^^^^^^^^^^^^^^^^^
  File "/home/airflow/.local/lib/python3.11/site-packages/airflow/utils/cli.py", line 116, in wrapper
    return f(*args, **kwargs)
           ^^^^^^^^^^^^^^^^^^
  File "/home/airflow/.local/lib/python3.11/site-packages/airflow/cli/commands/task_command.py", line 483, in task_run
    task_return_code = _run_task_by_selected_method(args, _dag, ti)
                       ^^^^^^^^^^^^^^^^^^^^^^^^^^^^^^^^^^^^^^^^^^^^
  File "/home/airflow/.local/lib/python3.11/site-packages/airflow/cli/commands/task_command.py", line 256, in _run_task_by_selected_method
    return _run_raw_task(args, ti)
           ^^^^^^^^^^^^^^^^^^^^^^^
  File "/home/airflow/.local/lib/python3.11/site-packages/airflow/cli/commands/task_command.py", line 341, in _run_raw_task
    return ti._run_raw_task(
           ^^^^^^^^^^^^^^^^^
  File "/home/airflow/.local/lib/python3.11/site-packages/airflow/utils/session.py", line 97, in wrapper
    return func(*args, session=session, **kwargs)
           ^^^^^^^^^^^^^^^^^^^^^^^^^^^^^^^^^^^^^^
  File "/home/airflow/.local/lib/python3.11/site-packages/airflow/models/taskinstance.py", line 3006, in _run_raw_task
    return _run_raw_task(
           ^^^^^^^^^^^^^^
  File "/home/airflow/.local/lib/python3.11/site-packages/airflow/models/taskinstance.py", line 274, in _run_raw_task
    TaskInstance._execute_task_with_callbacks(
  File "/home/airflow/.local/lib/python3.11/site-packages/airflow/models/taskinstance.py", line 3161, in _execute_task_with_callbacks
    result = self._execute_task(context, task_orig)
             ^^^^^^^^^^^^^^^^^^^^^^^^^^^^^^^^^^^^^^
  File "/home/airflow/.local/lib/python3.11/site-packages/airflow/models/taskinstance.py", line 3185, in _execute_task
    return _execute_task(self, context, task_orig)
           ^^^^^^^^^^^^^^^^^^^^^^^^^^^^^^^^^^^^^^^
  File "/home/airflow/.local/lib/python3.11/site-packages/airflow/models/taskinstance.py", line 763, in _execute_task
    result = _execute_callable(context=context, **execute_callable_kwargs)
             ^^^^^^^^^^^^^^^^^^^^^^^^^^^^^^^^^^^^^^^^^^^^^^^^^^^^^^^^^^^^^
  File "/home/airflow/.local/lib/python3.11/site-packages/airflow/models/taskinstance.py", line 734, in _execute_callable
    return ExecutionCallableRunner(
           ^^^^^^^^^^^^^^^^^^^^^^^^
  File "/home/airflow/.local/lib/python3.11/site-packages/airflow/utils/operator_helpers.py", line 252, in run
    return self.func(*args, **kwargs)
           ^^^^^^^^^^^^^^^^^^^^^^^^^^
  File "/home/airflow/.local/lib/python3.11/site-packages/airflow/models/baseoperator.py", line 424, in wrapper
    return func(self, *args, **kwargs)
           ^^^^^^^^^^^^^^^^^^^^^^^^^^^
  File "/home/airflow/.local/lib/python3.11/site-packages/airflow/operators/bash.py", line 276, in execute
    raise AirflowException(
airflow.exceptions.AirflowException: Bash command failed. The command returned a non-zero exit code 1.
[2026-09-23T04:47:22.881+0000] {local_task_job_runner.py:266} INFO - Task exited with return code 1
[2026-09-23T04:47:22.957+0000] {taskinstance.py:3901} INFO - 0 downstream tasks scheduled from follow-on schedule check
[2026-09-23T04:47:22.972+0000] {local_task_job_runner.py:245} INFO - ::endgroup::
