[2026-09-23T04:48:24.142+0000] {local_task_job_runner.py:123} INFO - ::group::Pre task execution logs
[2026-09-23T04:48:24.184+0000] {taskinstance.py:2614} INFO - Dependencies all met for dep_context=non-requeueable deps ti=<TaskInstance: dss150p_sales_pipeline.load manual__2026-09-23T03:15:07+00:00 [queued]>
[2026-09-23T04:48:24.201+0000] {taskinstance.py:2614} INFO - Dependencies all met for dep_context=requeueable deps ti=<TaskInstance: dss150p_sales_pipeline.load manual__2026-09-23T03:15:07+00:00 [queued]>
[2026-09-23T04:48:24.204+0000] {taskinstance.py:2867} INFO - Starting attempt 12 of 12
[2026-09-23T04:48:24.258+0000] {taskinstance.py:2890} INFO - Executing <Task(BashOperator): load> on 2026-09-23 03:15:07+00:00
[2026-09-23T04:48:24.273+0000] {standard_task_runner.py:72} INFO - Started process 1690 to run task
[2026-09-23T04:48:24.318+0000] {standard_task_runner.py:104} INFO - Running: ['airflow', 'tasks', 'run', 'dss150p_sales_pipeline', 'load', 'manual__2026-09-23T03:15:07+00:00', '--job-id', '41', '--raw', '--subdir', 'DAGS_FOLDER/dss150p_pipeline.py', '--cfg-path', '/tmp/tmpjuuemwxt']
[2026-09-23T04:48:24.342+0000] {standard_task_runner.py:105} INFO - Job 41: Subtask load
[2026-09-23T04:48:24.747+0000] {task_command.py:467} INFO - Running <TaskInstance: dss150p_sales_pipeline.load manual__2026-09-23T03:15:07+00:00 [running]> on host c76e692badc3
[2026-09-23T04:48:25.083+0000] {taskinstance.py:3134} INFO - Exporting env vars: AIRFLOW_CTX_DAG_OWNER='dss150p' AIRFLOW_CTX_DAG_ID='dss150p_sales_pipeline' AIRFLOW_CTX_TASK_ID='load' AIRFLOW_CTX_EXECUTION_DATE='2026-09-23T03:15:07+00:00' AIRFLOW_CTX_TRY_NUMBER='12' AIRFLOW_CTX_DAG_RUN_ID='manual__2026-09-23T03:15:07+00:00'
[2026-09-23T04:48:25.105+0000] {taskinstance.py:732} INFO - ::endgroup::
[2026-09-23T04:48:25.241+0000] {subprocess.py:78} INFO - Tmp dir root location: /tmp
[2026-09-23T04:48:25.247+0000] {subprocess.py:88} INFO - Running command: ['/usr/bin/bash', '-c', 'cd /opt/airflow/project && PIPELINE_RUN_ID="manual__2026-09-23T03:15:07+00:00" python -m src.cli load']
[2026-09-23T04:48:25.284+0000] {subprocess.py:99} INFO - Output:
[2026-09-23T04:48:30.479+0000] {subprocess.py:106} INFO - 2026-09-23 04:48:30,475 - INFO - Initializing pipeline run: manual__2026-09-23T03:15:07+00:00
[2026-09-23T04:48:30.728+0000] {subprocess.py:106} INFO - 2026-09-23 04:48:30,726 - INFO - EXTRACT stage complete. Data at /opt/airflow/project/data/raw/run_id=manual__2026-09-23T03:15:07+00:00
[2026-09-23T04:48:32.505+0000] {subprocess.py:106} INFO - 2026-09-23 04:48:32,504 - INFO - Curated dataset passed all data quality validations successfully.
[2026-09-23T04:48:32.522+0000] {subprocess.py:106} INFO - 2026-09-23 04:48:32,507 - INFO - TRANSFORM stage complete. Curated rows: 49898
[2026-09-23T04:48:32.590+0000] {subprocess.py:106} INFO - /opt/airflow/project/src/load/postgres.py:57: UserWarning: pandas only supports SQLAlchemy connectable (engine/connection) or database string URI or sqlite3 DBAPI2 connection. Other DBAPI2 objects are not tested. Please consider using SQLAlchemy.
[2026-09-23T04:48:32.607+0000] {subprocess.py:106} INFO -   df.to_sql(
[2026-09-23T04:48:32.696+0000] {subprocess.py:106} INFO - 2026-09-23 04:48:32,670 - ERROR - Pipeline system failure in LOAD stage: 'Engine' object has no attribute 'cursor'
[2026-09-23T04:48:32.736+0000] {subprocess.py:106} INFO - Traceback (most recent call last):
[2026-09-23T04:48:32.756+0000] {subprocess.py:106} INFO -   File "/opt/airflow/project/src/cli.py", line 63, in main
[2026-09-23T04:48:32.769+0000] {subprocess.py:106} INFO -     loaded_rows = upsert_curated(curated_df, run_id)
[2026-09-23T04:48:32.786+0000] {subprocess.py:106} INFO -                   ^^^^^^^^^^^^^^^^^^^^^^^^^^^^^^^^^^
[2026-09-23T04:48:32.802+0000] {subprocess.py:106} INFO -   File "/opt/airflow/project/src/load/postgres.py", line 57, in upsert_curated
[2026-09-23T04:48:32.817+0000] {subprocess.py:106} INFO -     df.to_sql(
[2026-09-23T04:48:32.829+0000] {subprocess.py:106} INFO -   File "/home/airflow/.local/lib/python3.11/site-packages/pandas/util/_decorators.py", line 333, in wrapper
[2026-09-23T04:48:32.846+0000] {subprocess.py:106} INFO -     return func(*args, **kwargs)
[2026-09-23T04:48:32.871+0000] {subprocess.py:106} INFO -            ^^^^^^^^^^^^^^^^^^^^^
[2026-09-23T04:48:32.887+0000] {subprocess.py:106} INFO -   File "/home/airflow/.local/lib/python3.11/site-packages/pandas/core/generic.py", line 3087, in to_sql
[2026-09-23T04:48:32.891+0000] {subprocess.py:106} INFO -     return sql.to_sql(
[2026-09-23T04:48:32.898+0000] {subprocess.py:106} INFO -            ^^^^^^^^^^^
[2026-09-23T04:48:32.899+0000] {subprocess.py:106} INFO -   File "/home/airflow/.local/lib/python3.11/site-packages/pandas/io/sql.py", line 842, in to_sql
[2026-09-23T04:48:32.899+0000] {subprocess.py:106} INFO -     return pandas_sql.to_sql(
[2026-09-23T04:48:32.899+0000] {subprocess.py:106} INFO -            ^^^^^^^^^^^^^^^^^^
[2026-09-23T04:48:32.902+0000] {subprocess.py:106} INFO -   File "/home/airflow/.local/lib/python3.11/site-packages/pandas/io/sql.py", line 2850, in to_sql
[2026-09-23T04:48:32.903+0000] {subprocess.py:106} INFO -     table.create()
[2026-09-23T04:48:32.904+0000] {subprocess.py:106} INFO -   File "/home/airflow/.local/lib/python3.11/site-packages/pandas/io/sql.py", line 984, in create
[2026-09-23T04:48:32.905+0000] {subprocess.py:106} INFO -     if self.exists():
[2026-09-23T04:48:32.905+0000] {subprocess.py:106} INFO -        ^^^^^^^^^^^^^
[2026-09-23T04:48:32.905+0000] {subprocess.py:106} INFO -   File "/home/airflow/.local/lib/python3.11/site-packages/pandas/io/sql.py", line 970, in exists
[2026-09-23T04:48:32.909+0000] {subprocess.py:106} INFO -     return self.pd_sql.has_table(self.name, self.schema)
[2026-09-23T04:48:32.909+0000] {subprocess.py:106} INFO -            ^^^^^^^^^^^^^^^^^^^^^^^^^^^^^^^^^^^^^^^^^^^^^
[2026-09-23T04:48:32.911+0000] {subprocess.py:106} INFO -   File "/home/airflow/.local/lib/python3.11/site-packages/pandas/io/sql.py", line 2865, in has_table
[2026-09-23T04:48:32.912+0000] {subprocess.py:106} INFO -     return len(self.execute(query, [name]).fetchall()) > 0
[2026-09-23T04:48:32.912+0000] {subprocess.py:106} INFO -                ^^^^^^^^^^^^^^^^^^^^^^^^^^^
[2026-09-23T04:48:32.912+0000] {subprocess.py:106} INFO -   File "/home/airflow/.local/lib/python3.11/site-packages/pandas/io/sql.py", line 2672, in execute
[2026-09-23T04:48:32.913+0000] {subprocess.py:106} INFO -     cur = self.con.cursor()
[2026-09-23T04:48:32.913+0000] {subprocess.py:106} INFO -           ^^^^^^^^^^^^^^^
[2026-09-23T04:48:32.914+0000] {subprocess.py:106} INFO - AttributeError: 'Engine' object has no attribute 'cursor'
[2026-09-23T04:48:33.304+0000] {subprocess.py:110} INFO - Command exited with return code 1
[2026-09-23T04:48:33.392+0000] {taskinstance.py:3313} ERROR - Task failed with exception
Traceback (most recent call last):
  File "/home/airflow/.local/lib/python3.11/site-packages/airflow/models/taskinstance.py", line 763, in _execute_task
    result = _execute_callable(context=context, **execute_callable_kwargs)
             ^^^^^^^^^^^^^^^^^^^^^^^^^^^^^^^^^^^^^^^^^^^^^^^^^^^^^^^^^^^^^
  File "/home/airflow/.local/lib/python3.11/site-packages/airflow/models/taskinstance.py", line 734, in _execute_callable
    return ExecutionCallableRunner(
           ^^^^^^^^^^^^^^^^^^^^^^^^
  File "/home/airflow/.local/lib/python3.11/site-packages/airflow/utils/operator_helpers.py", line 252, in run
    return self.func(*args, **kwargs)
           ^^^^^^^^^^^^^^^^^^^^^^^^^^
  File "/home/airflow/.local/lib/python3.11/site-packages/airflow/models/baseoperator.py", line 424, in wrapper
    return func(self, *args, **kwargs)
           ^^^^^^^^^^^^^^^^^^^^^^^^^^^
  File "/home/airflow/.local/lib/python3.11/site-packages/airflow/operators/bash.py", line 276, in execute
    raise AirflowException(
airflow.exceptions.AirflowException: Bash command failed. The command returned a non-zero exit code 1.
[2026-09-23T04:48:33.450+0000] {taskinstance.py:1226} INFO - Marking task as FAILED. dag_id=dss150p_sales_pipeline, task_id=load, run_id=manual__2026-09-23T03:15:07+00:00, execution_date=20260923T031507, start_date=20260923T044824, end_date=20260923T044833
[2026-09-23T04:48:33.458+0000] {taskinstance.py:1564} INFO - Executing callback at index 0: failure_callback
[2026-09-23T04:48:33.463+0000] {logging_mixin.py:190} INFO - ALERT: Task Failed!
[2026-09-23T04:48:33.464+0000] {logging_mixin.py:190} INFO - DAG: dss150p_sales_pipeline
[2026-09-23T04:48:33.466+0000] {logging_mixin.py:190} INFO - Task ID: load
[2026-09-23T04:48:33.485+0000] {logging_mixin.py:190} INFO - Run ID: manual__2026-09-23T03:15:07+00:00
[2026-09-23T04:48:33.502+0000] {logging_mixin.py:190} INFO - Execution Date: 2026-09-23 03:15:07+00:00
[2026-09-23T04:48:33.504+0000] {logging_mixin.py:190} INFO - Exception: Bash command failed. The command returned a non-zero exit code 1.
[2026-09-23T04:48:33.725+0000] {taskinstance.py:341} INFO - ::group::Post task execution logs
[2026-09-23T04:48:33.753+0000] {standard_task_runner.py:124} ERROR - Failed to execute job 41 for task load (Bash command failed. The command returned a non-zero exit code 1.; 1690)
Traceback (most recent call last):
  File "/home/airflow/.local/lib/python3.11/site-packages/airflow/task/task_runner/standard_task_runner.py", line 117, in _start_by_fork
    ret = args.func(args, dag=self.dag)
          ^^^^^^^^^^^^^^^^^^^^^^^^^^^^^
  File "/home/airflow/.local/lib/python3.11/site-packages/airflow/cli/cli_config.py", line 49, in command
    return func(*args, **kwargs)
           ^^^^^^^^^^^^^^^^^^^^^
  File "/home/airflow/.local/lib/python3.11/site-packages/airflow/utils/cli.py", line 116, in wrapper
    return f(*args, **kwargs)
           ^^^^^^^^^^^^^^^^^^
  File "/home/airflow/.local/lib/python3.11/site-packages/airflow/cli/commands/task_command.py", line 483, in task_run
    task_return_code = _run_task_by_selected_method(args, _dag, ti)
                       ^^^^^^^^^^^^^^^^^^^^^^^^^^^^^^^^^^^^^^^^^^^^
  File "/home/airflow/.local/lib/python3.11/site-packages/airflow/cli/commands/task_command.py", line 256, in _run_task_by_selected_method
    return _run_raw_task(args, ti)
           ^^^^^^^^^^^^^^^^^^^^^^^
  File "/home/airflow/.local/lib/python3.11/site-packages/airflow/cli/commands/task_command.py", line 341, in _run_raw_task
    return ti._run_raw_task(
           ^^^^^^^^^^^^^^^^^
  File "/home/airflow/.local/lib/python3.11/site-packages/airflow/utils/session.py", line 97, in wrapper
    return func(*args, session=session, **kwargs)
           ^^^^^^^^^^^^^^^^^^^^^^^^^^^^^^^^^^^^^^
  File "/home/airflow/.local/lib/python3.11/site-packages/airflow/models/taskinstance.py", line 3006, in _run_raw_task
    return _run_raw_task(
           ^^^^^^^^^^^^^^
  File "/home/airflow/.local/lib/python3.11/site-packages/airflow/models/taskinstance.py", line 274, in _run_raw_task
    TaskInstance._execute_task_with_callbacks(
  File "/home/airflow/.local/lib/python3.11/site-packages/airflow/models/taskinstance.py", line 3161, in _execute_task_with_callbacks
    result = self._execute_task(context, task_orig)
             ^^^^^^^^^^^^^^^^^^^^^^^^^^^^^^^^^^^^^^
  File "/home/airflow/.local/lib/python3.11/site-packages/airflow/models/taskinstance.py", line 3185, in _execute_task
    return _execute_task(self, context, task_orig)
           ^^^^^^^^^^^^^^^^^^^^^^^^^^^^^^^^^^^^^^^
  File "/home/airflow/.local/lib/python3.11/site-packages/airflow/models/taskinstance.py", line 763, in _execute_task
    result = _execute_callable(context=context, **execute_callable_kwargs)
             ^^^^^^^^^^^^^^^^^^^^^^^^^^^^^^^^^^^^^^^^^^^^^^^^^^^^^^^^^^^^^
  File "/home/airflow/.local/lib/python3.11/site-packages/airflow/models/taskinstance.py", line 734, in _execute_callable
    return ExecutionCallableRunner(
           ^^^^^^^^^^^^^^^^^^^^^^^^
  File "/home/airflow/.local/lib/python3.11/site-packages/airflow/utils/operator_helpers.py", line 252, in run
    return self.func(*args, **kwargs)
           ^^^^^^^^^^^^^^^^^^^^^^^^^^
  File "/home/airflow/.local/lib/python3.11/site-packages/airflow/models/baseoperator.py", line 424, in wrapper
    return func(self, *args, **kwargs)
           ^^^^^^^^^^^^^^^^^^^^^^^^^^^
  File "/home/airflow/.local/lib/python3.11/site-packages/airflow/operators/bash.py", line 276, in execute
    raise AirflowException(
airflow.exceptions.AirflowException: Bash command failed. The command returned a non-zero exit code 1.
[2026-09-23T04:48:33.865+0000] {local_task_job_runner.py:266} INFO - Task exited with return code 1
[2026-09-23T04:48:34.000+0000] {local_task_job_runner.py:245} INFO - ::endgroup::
