[2026-09-23T04:47:30.072+0000] {local_task_job_runner.py:123} INFO - ::group::Pre task execution logs
[2026-09-23T04:47:30.163+0000] {taskinstance.py:2614} INFO - Dependencies all met for dep_context=non-requeueable deps ti=<TaskInstance: dss150p_sales_pipeline.load manual__2026-09-23T03:17:25+00:00 [queued]>
[2026-09-23T04:47:30.204+0000] {taskinstance.py:2614} INFO - Dependencies all met for dep_context=requeueable deps ti=<TaskInstance: dss150p_sales_pipeline.load manual__2026-09-23T03:17:25+00:00 [queued]>
[2026-09-23T04:47:30.205+0000] {taskinstance.py:2867} INFO - Starting attempt 11 of 12
[2026-09-23T04:47:30.254+0000] {taskinstance.py:2890} INFO - Executing <Task(BashOperator): load> on 2026-09-23 03:17:25+00:00
[2026-09-23T04:47:30.266+0000] {standard_task_runner.py:72} INFO - Started process 1653 to run task
[2026-09-23T04:47:30.282+0000] {standard_task_runner.py:104} INFO - Running: ['airflow', 'tasks', 'run', 'dss150p_sales_pipeline', 'load', 'manual__2026-09-23T03:17:25+00:00', '--job-id', '39', '--raw', '--subdir', 'DAGS_FOLDER/dss150p_pipeline.py', '--cfg-path', '/tmp/tmpsso_8fwn']
[2026-09-23T04:47:30.299+0000] {standard_task_runner.py:105} INFO - Job 39: Subtask load
[2026-09-23T04:47:30.509+0000] {task_command.py:467} INFO - Running <TaskInstance: dss150p_sales_pipeline.load manual__2026-09-23T03:17:25+00:00 [running]> on host c76e692badc3
[2026-09-23T04:47:30.771+0000] {taskinstance.py:3134} INFO - Exporting env vars: AIRFLOW_CTX_DAG_OWNER='dss150p' AIRFLOW_CTX_DAG_ID='dss150p_sales_pipeline' AIRFLOW_CTX_TASK_ID='load' AIRFLOW_CTX_EXECUTION_DATE='2026-09-23T03:17:25+00:00' AIRFLOW_CTX_TRY_NUMBER='11' AIRFLOW_CTX_DAG_RUN_ID='manual__2026-09-23T03:17:25+00:00'
[2026-09-23T04:47:30.783+0000] {taskinstance.py:732} INFO - ::endgroup::
[2026-09-23T04:47:30.891+0000] {subprocess.py:78} INFO - Tmp dir root location: /tmp
[2026-09-23T04:47:30.895+0000] {subprocess.py:88} INFO - Running command: ['/usr/bin/bash', '-c', 'cd /opt/airflow/project && PIPELINE_RUN_ID="manual__2026-09-23T03:17:25+00:00" python -m src.cli load-partition --year 2026 --month 2']
[2026-09-23T04:47:30.931+0000] {subprocess.py:99} INFO - Output:
[2026-09-23T04:47:33.374+0000] {subprocess.py:106} INFO - 2026-09-23 04:47:33,374 - INFO - Initializing partition load for Year: 2026, Month: 2 (Run: manual__2026-09-23T03:17:25+00:00)
[2026-09-23T04:47:33.518+0000] {subprocess.py:106} INFO - /opt/airflow/project/src/load/postgres.py:57: UserWarning: pandas only supports SQLAlchemy connectable (engine/connection) or database string URI or sqlite3 DBAPI2 connection. Other DBAPI2 objects are not tested. Please consider using SQLAlchemy.
[2026-09-23T04:47:33.529+0000] {subprocess.py:106} INFO -   df.to_sql(
[2026-09-23T04:47:33.534+0000] {subprocess.py:106} INFO - Traceback (most recent call last):
[2026-09-23T04:47:33.542+0000] {subprocess.py:106} INFO -   File "<frozen runpy>", line 198, in _run_module_as_main
[2026-09-23T04:47:33.545+0000] {subprocess.py:106} INFO -   File "<frozen runpy>", line 88, in _run_code
[2026-09-23T04:47:33.556+0000] {subprocess.py:106} INFO -   File "/opt/airflow/project/src/cli.py", line 126, in <module>
[2026-09-23T04:47:33.583+0000] {subprocess.py:106} INFO -     main()
[2026-09-23T04:47:33.602+0000] {subprocess.py:106} INFO -   File "/opt/airflow/project/src/cli.py", line 120, in main
[2026-09-23T04:47:33.616+0000] {subprocess.py:106} INFO -     load_partition(partition_output_dir, args.year, args.month, run_id)
[2026-09-23T04:47:33.617+0000] {subprocess.py:106} INFO -   File "/opt/airflow/project/src/load/postgres.py", line 99, in load_partition
[2026-09-23T04:47:33.617+0000] {subprocess.py:106} INFO -     loaded_count = upsert_curated(df, run_id)
[2026-09-23T04:47:33.618+0000] {subprocess.py:106} INFO -                    ^^^^^^^^^^^^^^^^^^^^^^^^^^
[2026-09-23T04:47:33.618+0000] {subprocess.py:106} INFO -   File "/opt/airflow/project/src/load/postgres.py", line 57, in upsert_curated
[2026-09-23T04:47:33.622+0000] {subprocess.py:106} INFO -     df.to_sql(
[2026-09-23T04:47:33.629+0000] {subprocess.py:106} INFO -   File "/home/airflow/.local/lib/python3.11/site-packages/pandas/util/_decorators.py", line 333, in wrapper
[2026-09-23T04:47:33.641+0000] {subprocess.py:106} INFO -     return func(*args, **kwargs)
[2026-09-23T04:47:33.663+0000] {subprocess.py:106} INFO -            ^^^^^^^^^^^^^^^^^^^^^
[2026-09-23T04:47:33.677+0000] {subprocess.py:106} INFO -   File "/home/airflow/.local/lib/python3.11/site-packages/pandas/core/generic.py", line 3087, in to_sql
[2026-09-23T04:47:33.679+0000] {subprocess.py:106} INFO -     return sql.to_sql(
[2026-09-23T04:47:33.681+0000] {subprocess.py:106} INFO -            ^^^^^^^^^^^
[2026-09-23T04:47:33.683+0000] {subprocess.py:106} INFO -   File "/home/airflow/.local/lib/python3.11/site-packages/pandas/io/sql.py", line 842, in to_sql
[2026-09-23T04:47:33.685+0000] {subprocess.py:106} INFO -     return pandas_sql.to_sql(
[2026-09-23T04:47:33.687+0000] {subprocess.py:106} INFO -            ^^^^^^^^^^^^^^^^^^
[2026-09-23T04:47:33.689+0000] {subprocess.py:106} INFO -   File "/home/airflow/.local/lib/python3.11/site-packages/pandas/io/sql.py", line 2850, in to_sql
[2026-09-23T04:47:33.691+0000] {subprocess.py:106} INFO -     table.create()
[2026-09-23T04:47:33.693+0000] {subprocess.py:106} INFO -   File "/home/airflow/.local/lib/python3.11/site-packages/pandas/io/sql.py", line 984, in create
[2026-09-23T04:47:33.694+0000] {subprocess.py:106} INFO -     if self.exists():
[2026-09-23T04:47:33.695+0000] {subprocess.py:106} INFO -        ^^^^^^^^^^^^^
[2026-09-23T04:47:33.697+0000] {subprocess.py:106} INFO -   File "/home/airflow/.local/lib/python3.11/site-packages/pandas/io/sql.py", line 970, in exists
[2026-09-23T04:47:33.711+0000] {subprocess.py:106} INFO -     return self.pd_sql.has_table(self.name, self.schema)
[2026-09-23T04:47:33.722+0000] {subprocess.py:106} INFO -            ^^^^^^^^^^^^^^^^^^^^^^^^^^^^^^^^^^^^^^^^^^^^^
[2026-09-23T04:47:33.723+0000] {subprocess.py:106} INFO -   File "/home/airflow/.local/lib/python3.11/site-packages/pandas/io/sql.py", line 2865, in has_table
[2026-09-23T04:47:33.723+0000] {subprocess.py:106} INFO -     return len(self.execute(query, [name]).fetchall()) > 0
[2026-09-23T04:47:33.723+0000] {subprocess.py:106} INFO -                ^^^^^^^^^^^^^^^^^^^^^^^^^^^
[2026-09-23T04:47:33.723+0000] {subprocess.py:106} INFO -   File "/home/airflow/.local/lib/python3.11/site-packages/pandas/io/sql.py", line 2672, in execute
[2026-09-23T04:47:33.723+0000] {subprocess.py:106} INFO -     cur = self.con.cursor()
[2026-09-23T04:47:33.724+0000] {subprocess.py:106} INFO -           ^^^^^^^^^^^^^^^
[2026-09-23T04:47:33.724+0000] {subprocess.py:106} INFO - AttributeError: 'Engine' object has no attribute 'cursor'
[2026-09-23T04:47:33.841+0000] {subprocess.py:110} INFO - Command exited with return code 1
[2026-09-23T04:47:33.876+0000] {taskinstance.py:3313} ERROR - Task failed with exception
Traceback (most recent call last):
  File "/home/airflow/.local/lib/python3.11/site-packages/airflow/models/taskinstance.py", line 763, in _execute_task
    result = _execute_callable(context=context, **execute_callable_kwargs)
             ^^^^^^^^^^^^^^^^^^^^^^^^^^^^^^^^^^^^^^^^^^^^^^^^^^^^^^^^^^^^^
  File "/home/airflow/.local/lib/python3.11/site-packages/airflow/models/taskinstance.py", line 734, in _execute_callable
    return ExecutionCallableRunner(
           ^^^^^^^^^^^^^^^^^^^^^^^^
  File "/home/airflow/.local/lib/python3.11/site-packages/airflow/utils/operator_helpers.py", line 252, in run
    return self.func(*args, **kwargs)
           ^^^^^^^^^^^^^^^^^^^^^^^^^^
  File "/home/airflow/.local/lib/python3.11/site-packages/airflow/models/baseoperator.py", line 424, in wrapper
    return func(self, *args, **kwargs)
           ^^^^^^^^^^^^^^^^^^^^^^^^^^^
  File "/home/airflow/.local/lib/python3.11/site-packages/airflow/operators/bash.py", line 276, in execute
    raise AirflowException(
airflow.exceptions.AirflowException: Bash command failed. The command returned a non-zero exit code 1.
[2026-09-23T04:47:33.893+0000] {taskinstance.py:1226} INFO - Marking task as UP_FOR_RETRY. dag_id=dss150p_sales_pipeline, task_id=load, run_id=manual__2026-09-23T03:17:25+00:00, execution_date=20260923T031725, start_date=20260923T044730, end_date=20260923T044733
[2026-09-23T04:47:34.033+0000] {taskinstance.py:341} INFO - ::group::Post task execution logs
[2026-09-23T04:47:34.038+0000] {standard_task_runner.py:124} ERROR - Failed to execute job 39 for task load (Bash command failed. The command returned a non-zero exit code 1.; 1653)
Traceback (most recent call last):
  File "/home/airflow/.local/lib/python3.11/site-packages/airflow/task/task_runner/standard_task_runner.py", line 117, in _start_by_fork
    ret = args.func(args, dag=self.dag)
          ^^^^^^^^^^^^^^^^^^^^^^^^^^^^^
  File "/home/airflow/.local/lib/python3.11/site-packages/airflow/cli/cli_config.py", line 49, in command
    return func(*args, **kwargs)
           ^^^^^^^^^^^^^^^^^^^^^
  File "/home/airflow/.local/lib/python3.11/site-packages/airflow/utils/cli.py", line 116, in wrapper
    return f(*args, **kwargs)
           ^^^^^^^^^^^^^^^^^^
  File "/home/airflow/.local/lib/python3.11/site-packages/airflow/cli/commands/task_command.py", line 483, in task_run
    task_return_code = _run_task_by_selected_method(args, _dag, ti)
                       ^^^^^^^^^^^^^^^^^^^^^^^^^^^^^^^^^^^^^^^^^^^^
  File "/home/airflow/.local/lib/python3.11/site-packages/airflow/cli/commands/task_command.py", line 256, in _run_task_by_selected_method
    return _run_raw_task(args, ti)
           ^^^^^^^^^^^^^^^^^^^^^^^
  File "/home/airflow/.local/lib/python3.11/site-packages/airflow/cli/commands/task_command.py", line 341, in _run_raw_task
    return ti._run_raw_task(
           ^^^^^^^^^^^^^^^^^
  File "/home/airflow/.local/lib/python3.11/site-packages/airflow/utils/session.py", line 97, in wrapper
    return func(*args, session=session, **kwargs)
           ^^^^^^^^^^^^^^^^^^^^^^^^^^^^^^^^^^^^^^
  File "/home/airflow/.local/lib/python3.11/site-packages/airflow/models/taskinstance.py", line 3006, in _run_raw_task
    return _run_raw_task(
           ^^^^^^^^^^^^^^
  File "/home/airflow/.local/lib/python3.11/site-packages/airflow/models/taskinstance.py", line 274, in _run_raw_task
    TaskInstance._execute_task_with_callbacks(
  File "/home/airflow/.local/lib/python3.11/site-packages/airflow/models/taskinstance.py", line 3161, in _execute_task_with_callbacks
    result = self._execute_task(context, task_orig)
             ^^^^^^^^^^^^^^^^^^^^^^^^^^^^^^^^^^^^^^
  File "/home/airflow/.local/lib/python3.11/site-packages/airflow/models/taskinstance.py", line 3185, in _execute_task
    return _execute_task(self, context, task_orig)
           ^^^^^^^^^^^^^^^^^^^^^^^^^^^^^^^^^^^^^^^
  File "/home/airflow/.local/lib/python3.11/site-packages/airflow/models/taskinstance.py", line 763, in _execute_task
    result = _execute_callable(context=context, **execute_callable_kwargs)
             ^^^^^^^^^^^^^^^^^^^^^^^^^^^^^^^^^^^^^^^^^^^^^^^^^^^^^^^^^^^^^
  File "/home/airflow/.local/lib/python3.11/site-packages/airflow/models/taskinstance.py", line 734, in _execute_callable
    return ExecutionCallableRunner(
           ^^^^^^^^^^^^^^^^^^^^^^^^
  File "/home/airflow/.local/lib/python3.11/site-packages/airflow/utils/operator_helpers.py", line 252, in run
    return self.func(*args, **kwargs)
           ^^^^^^^^^^^^^^^^^^^^^^^^^^
  File "/home/airflow/.local/lib/python3.11/site-packages/airflow/models/baseoperator.py", line 424, in wrapper
    return func(self, *args, **kwargs)
           ^^^^^^^^^^^^^^^^^^^^^^^^^^^
  File "/home/airflow/.local/lib/python3.11/site-packages/airflow/operators/bash.py", line 276, in execute
    raise AirflowException(
airflow.exceptions.AirflowException: Bash command failed. The command returned a non-zero exit code 1.
[2026-09-23T04:47:34.108+0000] {local_task_job_runner.py:266} INFO - Task exited with return code 1
[2026-09-23T04:47:34.160+0000] {taskinstance.py:3901} INFO - 0 downstream tasks scheduled from follow-on schedule check
[2026-09-23T04:47:34.188+0000] {local_task_job_runner.py:245} INFO - ::endgroup::
