[2026-09-23T04:55:22.677+0000] {local_task_job_runner.py:123} INFO - ::group::Pre task execution logs
[2026-09-23T04:55:22.720+0000] {taskinstance.py:2614} INFO - Dependencies all met for dep_context=non-requeueable deps ti=<TaskInstance: dss150p_sales_pipeline.extract manual__2026-09-23T04:55:16+00:00 [queued]>
[2026-09-23T04:55:22.738+0000] {taskinstance.py:2614} INFO - Dependencies all met for dep_context=requeueable deps ti=<TaskInstance: dss150p_sales_pipeline.extract manual__2026-09-23T04:55:16+00:00 [queued]>
[2026-09-23T04:55:22.739+0000] {taskinstance.py:2867} INFO - Starting attempt 1 of 3
[2026-09-23T04:55:22.770+0000] {taskinstance.py:2890} INFO - Executing <Task(BashOperator): extract> on 2026-09-23 04:55:16+00:00
[2026-09-23T04:55:22.781+0000] {standard_task_runner.py:72} INFO - Started process 1838 to run task
[2026-09-23T04:55:22.792+0000] {standard_task_runner.py:104} INFO - Running: ['airflow', 'tasks', 'run', 'dss150p_sales_pipeline', 'extract', 'manual__2026-09-23T04:55:16+00:00', '--job-id', '46', '--raw', '--subdir', 'DAGS_FOLDER/dss150p_pipeline.py', '--cfg-path', '/tmp/tmpi0yh5gfs']
[2026-09-23T04:55:22.799+0000] {standard_task_runner.py:105} INFO - Job 46: Subtask extract
[2026-09-23T04:55:22.960+0000] {task_command.py:467} INFO - Running <TaskInstance: dss150p_sales_pipeline.extract manual__2026-09-23T04:55:16+00:00 [running]> on host c76e692badc3
[2026-09-23T04:55:23.250+0000] {taskinstance.py:3134} INFO - Exporting env vars: AIRFLOW_CTX_DAG_OWNER='dss150p' AIRFLOW_CTX_DAG_ID='dss150p_sales_pipeline' AIRFLOW_CTX_TASK_ID='extract' AIRFLOW_CTX_EXECUTION_DATE='2026-09-23T04:55:16+00:00' AIRFLOW_CTX_TRY_NUMBER='1' AIRFLOW_CTX_DAG_RUN_ID='manual__2026-09-23T04:55:16+00:00'
[2026-09-23T04:55:23.255+0000] {taskinstance.py:732} INFO - ::endgroup::
[2026-09-23T04:55:23.305+0000] {subprocess.py:78} INFO - Tmp dir root location: /tmp
[2026-09-23T04:55:23.308+0000] {subprocess.py:88} INFO - Running command: ['/usr/bin/bash', '-c', 'cd /opt/airflow/project && PIPELINE_RUN_ID="manual__2026-09-23T04:55:16+00:00" python -m src.cli extract']
[2026-09-23T04:55:23.340+0000] {subprocess.py:99} INFO - Output:
[2026-09-23T04:55:30.725+0000] {subprocess.py:106} INFO - 2026-09-23 04:55:30,723 - INFO - Initializing pipeline run: manual__2026-09-23T04:55:16+00:00
[2026-09-23T04:55:30.822+0000] {subprocess.py:106} INFO - 2026-09-23 04:55:30,821 - INFO - EXTRACT stage complete. Data at /opt/airflow/project/data/raw/run_id=manual__2026-09-23T04:55:16+00:00
[2026-09-23T04:55:34.127+0000] {subprocess.py:110} INFO - Command exited with return code 0
[2026-09-23T04:55:34.322+0000] {taskinstance.py:341} INFO - ::group::Post task execution logs
[2026-09-23T04:55:34.325+0000] {taskinstance.py:353} INFO - Marking task as SUCCESS. dag_id=dss150p_sales_pipeline, task_id=extract, run_id=manual__2026-09-23T04:55:16+00:00, execution_date=20260923T045516, start_date=20260923T045522, end_date=20260923T045534
[2026-09-23T04:55:34.428+0000] {local_task_job_runner.py:266} INFO - Task exited with return code 0
[2026-09-23T04:55:34.493+0000] {taskinstance.py:3901} INFO - 1 downstream tasks scheduled from follow-on schedule check
[2026-09-23T04:55:34.498+0000] {local_task_job_runner.py:245} INFO - ::endgroup::
